2026-03-24 23:41:18 | INFO     | Log: stackoverflow_output/pipeline.log | tail -f stackoverflow_output/pipeline.log
2026-03-24 23:41:18 | INFO     | ============================================================
2026-03-24 23:41:18 | INFO     |  ENVIRONMENT
2026-03-24 23:41:18 | INFO     | ============================================================
2026-03-24 23:41:18 | INFO     | Python     : 3.10.20
2026-03-24 23:41:18 | INFO     | GPU (cuML) : True
2026-03-24 23:41:18 | INFO     | N_JOBS     : 40 (N_JOBS_UMAP=40)
2026-03-24 23:41:18 | INFO     | UMAP metric: cosine
2026-03-24 23:41:18 | INFO     | ELIM_SEEDS : 10 seeds — [42, 7, 123, 99, 17, 2025, 314, 888, 1337, 0]
2026-03-24 23:41:18 | INFO     | FINAL_SEEDS: 20 seeds — [42, 7, 123, 99, 17, 2025, 314, 888, 1337, 0, 501, 256, 77, 13, 999, 4242, 31415, 271, 1024, 2718]
2026-03-24 23:41:18 | INFO     | DATA       : stackoverflow_features_raw.parquet
2026-03-24 23:41:18 | INFO     | OUT_DIR    : stackoverflow_output
2026-03-24 23:41:18 | INFO     | ============================================================
2026-03-24 23:41:18 | INFO     |  STEP 0 — Load features_raw.parquet
2026-03-24 23:41:18 | INFO     | ============================================================
2026-03-24 23:41:19 | INFO     |  ✓ load parquet done in 0.8s
2026-03-24 23:41:19 | INFO     |  Raw shape : 999,631 × 28
2026-03-24 23:41:19 | INFO     |  Features  : ['log_answer_count', 'mean_answer_score', 'median_answer_score', 'log_total_ans_score', 'ans_score_std', 'answer_acceptance_rate', 'log_question_count', 'mean_question_score', 'log_question_views', 'mean_answers_per_q', 'answer_question_ratio', 'log_comment_count', 'mean_comment_score', 'comment_to_post_ratio', 'log_reputation', 'log_tenure_days', 'log_profile_views', 'vote_casting_ratio', 'log_total_votes_cast', 'tag_badge_score', 'named_badge_score', 'weekly_activity_regularity', 'monthly_activity_span', 'log_total_events', 'activity_span_days', 'tag_entropy', 'top_tag_concentration', 'log_unique_tags']
2026-03-24 23:41:19 | INFO     |  Ghost filter: log_total_events OR log_reputation
2026-03-24 23:41:19 | INFO     |  Ghost filter: removed 0 (0.0%) → 999,631 active users
2026-03-24 23:41:19 | INFO     |  NON_BEHAVIORAL dropped: ['median_answer_score', 'log_reputation', 'log_tenure_days', 'vote_casting_ratio', 'named_badge_score', 'monthly_activity_span', 'log_unique_tags']
2026-03-24 23:41:19 | INFO     |  activity_span_days — raw range: [0, 9] median=7  (no clip — RobustScaler handles range)
2026-03-24 23:41:19 | INFO     |  ✓ RobustScaler done in 0.6s
2026-03-24 23:41:19 | INFO     |  Scaled shape: (999631, 21)
2026-03-24 23:41:19 | INFO     | ============================================================
2026-03-24 23:41:19 | INFO     |  STEP 1 — Variance Threshold (SKIPPED)
2026-03-24 23:41:19 | INFO     | ============================================================
2026-03-24 23:41:19 | INFO     |  Keeping all 21 scaled features
2026-03-24 23:41:19 | INFO     |  Correlation step skipped — passing all 21 features to backward elimination: ['log_answer_count', 'mean_answer_score', 'log_total_ans_score', 'ans_score_std', 'answer_acceptance_rate', 'log_question_count', 'mean_question_score', 'log_question_views', 'mean_answers_per_q', 'answer_question_ratio', 'log_comment_count', 'mean_comment_score', 'comment_to_post_ratio', 'log_profile_views', 'log_total_votes_cast', 'tag_badge_score', 'weekly_activity_regularity', 'log_total_events', 'activity_span_days', 'tag_entropy', 'top_tag_concentration']
2026-03-24 23:41:19 | INFO     | ============================================================
2026-03-24 23:41:19 | INFO     |  STEP 3 — Baseline UMAP (GPU=True) + HDBSCAN
2026-03-24 23:41:19 | INFO     | ============================================================
2026-03-24 23:41:19 | INFO     |  Input: 999,631 users × 21 features → 5D
2026-03-24 23:43:52 | INFO     |  ✓ baseline UMAP + HDBSCAN done in 153.2s
2026-03-24 23:43:53 | INFO     |  Baseline DBCV (single-seed): 0.3652
2026-03-24 23:43:53 | INFO     |  Clusters : 14 | Noise: 83,306 (8.3%)
2026-03-24 23:43:53 | INFO     |  min_cluster_size=9996  min_samples=50
2026-03-24 23:43:54 | INFO     |  Saved step3_baseline_umap.png
2026-03-24 23:43:54 | INFO     | ============================================================
2026-03-24 23:43:54 | INFO     |  STEP 4 — DBCV-Based Backward Elimination
2026-03-24 23:43:54 | INFO     | ============================================================
2026-03-24 23:43:54 | INFO     |  Computing baseline DBCV (seeds=[42, 7, 123, 99, 17, 2025, 314, 888, 1337, 0]) ...
2026-03-24 23:43:54 | INFO     |  GPU=True  parallel_seeds=False  N_JOBS=40  N_JOBS_UMAP=40
2026-03-24 23:43:54 | INFO     |  [pipeline] entering GPU pipelined path (DBCV_WORKERS=10 DBCV_KNN_JOBS=4 n_seeds=10)
2026-03-25 00:08:22 | INFO     |  [pipeline] GPU serial time : 874.14s (87.41s/seed avg)
2026-03-25 00:08:22 | INFO     |  [pipeline] Wall time total : 1467.65s
2026-03-25 00:08:22 | INFO     |  [pipeline] shutdown waited : 593.51s (0s = all CPU done before GPU finished; >0s = CPU was bottleneck)
2026-03-25 00:08:22 | INFO     |  [pipeline] per-seed GPU    : ['86.92s', '88.64s', '88.77s', '88.52s', '78.46s', '88.41s', '87.13s', '87.95s', '99.23s', '80.10s']
2026-03-25 00:08:22 | INFO     |  [pipeline] overhead vs pure GPU serial: 593.51s (+67.9%)
2026-03-25 00:08:22 | INFO     |  Baseline: 21 features  mean DBCV=0.4139
2026-03-25 00:08:22 | INFO     |  DBCV retention floor: 90% × 0.4139 = 0.3725
2026-03-25 00:08:22 | INFO     |  Criterion: strict DBCV improvement (no tolerance)  MAX_ELIM_ROUNDS=999
2026-03-25 00:08:22 | INFO     |  -- Round 1/999 (21 features)  floor=0.3725 --
2026-03-25 00:08:22 | INFO     |  [pipeline] entering GPU pipelined path (DBCV_WORKERS=10 DBCV_KNN_JOBS=4 n_seeds=10)
2026-03-25 00:32:32 | INFO     |  [pipeline] GPU serial time : 846.46s (84.65s/seed avg)
2026-03-25 00:32:32 | INFO     |  [pipeline] Wall time total : 1450.09s
2026-03-25 00:32:32 | INFO     |  [pipeline] shutdown waited : 603.63s (0s = all CPU done before GPU finished; >0s = CPU was bottleneck)
2026-03-25 00:32:32 | INFO     |  [pipeline] per-seed GPU    : ['77.12s', '89.10s', '78.67s', '78.66s', '76.69s', '87.36s', '86.10s', '93.30s', '93.40s', '86.06s']
2026-03-25 00:32:32 | INFO     |  [pipeline] overhead vs pure GPU serial: 603.63s (+71.3%)
2026-03-25 00:32:32 | INFO     |  remove [log_answer_count                        ] DBCV=0.3730(-0.0408) floor=True  dbcv/seed=['0.643', '0.365', '0.454', '0.363', '0.155', '0.247', '0.398', '0.680', '0.253', '0.172'] 1450.1s
2026-03-25 00:32:32 | INFO     |  [pipeline] entering GPU pipelined path (DBCV_WORKERS=10 DBCV_KNN_JOBS=4 n_seeds=10)
2026-03-25 00:56:11 | INFO     |  [pipeline] GPU serial time : 805.22s (80.52s/seed avg)
2026-03-25 00:56:11 | INFO     |  [pipeline] Wall time total : 1418.86s
2026-03-25 00:56:11 | INFO     |  [pipeline] shutdown waited : 613.64s (0s = all CPU done before GPU finished; >0s = CPU was bottleneck)
2026-03-25 00:56:11 | INFO     |  [pipeline] per-seed GPU    : ['77.69s', '77.12s', '79.88s', '76.15s', '79.90s', '78.62s', '78.93s', '76.80s', '85.54s', '94.57s']
2026-03-25 00:56:11 | INFO     |  [pipeline] overhead vs pure GPU serial: 613.64s (+76.2%)
2026-03-25 00:56:11 | INFO     |  remove [mean_answer_score                       ] DBCV=0.4347(+0.0208) floor=True  dbcv/seed=['0.481', '0.457', '0.700', '0.531', '0.390', '0.356', '0.522', '0.114', '0.389', '0.407'] 1418.9s
2026-03-25 00:56:11 | INFO     |  [pipeline] entering GPU pipelined path (DBCV_WORKERS=10 DBCV_KNN_JOBS=4 n_seeds=10)
2026-03-25 01:19:57 | INFO     |  [pipeline] GPU serial time : 821.69s (82.17s/seed avg)
2026-03-25 01:19:57 | INFO     |  [pipeline] Wall time total : 1426.02s
2026-03-25 01:19:57 | INFO     |  [pipeline] shutdown waited : 604.33s (0s = all CPU done before GPU finished; >0s = CPU was bottleneck)
2026-03-25 01:19:57 | INFO     |  [pipeline] per-seed GPU    : ['78.92s', '79.81s', '78.59s', '79.17s', '79.41s', '77.64s', '87.02s', '80.21s', '85.65s', '95.27s']
2026-03-25 01:19:57 | INFO     |  [pipeline] overhead vs pure GPU serial: 604.33s (+73.5%)
2026-03-25 01:19:57 | INFO     |  remove [log_total_ans_score                     ] DBCV=0.3931(-0.0208) floor=True  dbcv/seed=['0.396', '0.691', '0.385', '0.678', '0.238', '0.389', '0.347', '0.369', '0.408', '0.030'] 1426.1s
2026-03-25 01:19:57 | INFO     |  [pipeline] entering GPU pipelined path (DBCV_WORKERS=10 DBCV_KNN_JOBS=4 n_seeds=10)
2026-03-25 01:44:18 | INFO     |  [pipeline] GPU serial time : 830.05s (83.00s/seed avg)
2026-03-25 01:44:18 | INFO     |  [pipeline] Wall time total : 1460.89s
2026-03-25 01:44:18 | INFO     |  [pipeline] shutdown waited : 630.84s (0s = all CPU done before GPU finished; >0s = CPU was bottleneck)
2026-03-25 01:44:18 | INFO     |  [pipeline] per-seed GPU    : ['80.39s', '82.04s', '78.25s', '83.06s', '81.12s', '79.97s', '81.75s', '81.77s', '101.40s', '80.29s']
2026-03-25 01:44:18 | INFO     |  [pipeline] overhead vs pure GPU serial: 630.84s (+76.0%)
2026-03-25 01:44:18 | INFO     |  remove [ans_score_std                           ] DBCV=0.3525(-0.0613) floor=False dbcv/seed=['0.436', '0.387', '0.389', '0.466', '0.141', '0.381', '0.096', '0.437', '0.376', '0.417'] 1460.9s
2026-03-25 01:44:18 | INFO     |  [pipeline] entering GPU pipelined path (DBCV_WORKERS=10 DBCV_KNN_JOBS=4 n_seeds=10)
2026-03-25 02:08:45 | INFO     |  [pipeline] GPU serial time : 823.43s (82.34s/seed avg)
2026-03-25 02:08:45 | INFO     |  [pipeline] Wall time total : 1466.91s
2026-03-25 02:08:45 | INFO     |  [pipeline] shutdown waited : 643.47s (0s = all CPU done before GPU finished; >0s = CPU was bottleneck)
2026-03-25 02:08:45 | INFO     |  [pipeline] per-seed GPU    : ['81.14s', '79.36s', '81.01s', '80.23s', '80.45s', '79.03s', '79.86s', '79.02s', '88.90s', '94.44s']
2026-03-25 02:08:45 | INFO     |  [pipeline] overhead vs pure GPU serial: 643.47s (+78.1%)
2026-03-25 02:08:45 | INFO     |  remove [answer_acceptance_rate                  ] DBCV=0.2618(-0.1521) floor=False dbcv/seed=['0.305', '0.384', '0.028', '0.322', '0.355', '0.340', '0.169', '0.038', '0.329', '0.350'] 1466.9s
2026-03-25 02:08:45 | INFO     |  [pipeline] entering GPU pipelined path (DBCV_WORKERS=10 DBCV_KNN_JOBS=4 n_seeds=10)
2026-03-25 02:32:19 | INFO     |  [pipeline] GPU serial time : 800.54s (80.05s/seed avg)
2026-03-25 02:32:19 | INFO     |  [pipeline] Wall time total : 1414.28s
2026-03-25 02:32:19 | INFO     |  [pipeline] shutdown waited : 613.75s (0s = all CPU done before GPU finished; >0s = CPU was bottleneck)
2026-03-25 02:32:19 | INFO     |  [pipeline] per-seed GPU    : ['75.66s', '76.20s', '75.20s', '78.83s', '76.75s', '77.30s', '78.35s', '77.99s', '91.56s', '92.71s']
2026-03-25 02:32:19 | INFO     |  [pipeline] overhead vs pure GPU serial: 613.75s (+76.7%)
2026-03-25 02:32:19 | INFO     |  remove [log_question_count                      ] DBCV=0.2942(-0.1197) floor=False dbcv/seed=['0.247', '0.208', '0.070', '0.286', '0.318', '0.444', '0.347', '0.316', '0.350', '0.355'] 1414.3s
2026-03-25 02:32:19 | INFO     |  [pipeline] entering GPU pipelined path (DBCV_WORKERS=10 DBCV_KNN_JOBS=4 n_seeds=10)
2026-03-25 02:56:21 | INFO     |  [pipeline] GPU serial time : 843.94s (84.39s/seed avg)
2026-03-25 02:56:21 | INFO     |  [pipeline] Wall time total : 1442.24s
2026-03-25 02:56:21 | INFO     |  [pipeline] shutdown waited : 598.31s (0s = all CPU done before GPU finished; >0s = CPU was bottleneck)
2026-03-25 02:56:21 | INFO     |  [pipeline] per-seed GPU    : ['86.91s', '78.90s', '87.25s', '78.75s', '78.06s', '87.28s', '85.12s', '78.17s', '83.33s', '100.16s']
2026-03-25 02:56:21 | INFO     |  [pipeline] overhead vs pure GPU serial: 598.31s (+70.9%)
2026-03-25 02:56:21 | INFO     |  remove [mean_question_score                     ] DBCV=0.1685(-0.2454) floor=False dbcv/seed=['0.171', '0.122', '0.356', '0.094', '0.139', '0.173', '0.054', '0.425', '0.069', '0.082'] 1442.3s
2026-03-25 02:56:21 | INFO     |  [pipeline] entering GPU pipelined path (DBCV_WORKERS=10 DBCV_KNN_JOBS=4 n_seeds=10)
2026-03-25 03:21:01 | INFO     |  [pipeline] GPU serial time : 854.84s (85.48s/seed avg)
2026-03-25 03:21:01 | INFO     |  [pipeline] Wall time total : 1479.59s
2026-03-25 03:21:01 | INFO     |  [pipeline] shutdown waited : 624.75s (0s = all CPU done before GPU finished; >0s = CPU was bottleneck)
2026-03-25 03:21:01 | INFO     |  [pipeline] per-seed GPU    : ['77.76s', '88.93s', '87.90s', '79.16s', '78.89s', '87.88s', '87.44s', '77.23s', '111.54s', '78.10s']
2026-03-25 03:21:01 | INFO     |  [pipeline] overhead vs pure GPU serial: 624.75s (+73.1%)
2026-03-25 03:21:01 | INFO     |  remove [log_question_views                      ] DBCV=0.2234(-0.1905) floor=False dbcv/seed=['0.193', '0.157', '0.254', '0.436', '0.155', '0.166', '0.119', '0.455', '0.170', '0.127'] 1479.6s
2026-03-25 03:21:01 | INFO     |  [pipeline] entering GPU pipelined path (DBCV_WORKERS=10 DBCV_KNN_JOBS=4 n_seeds=10)
2026-03-25 03:44:59 | INFO     |  [pipeline] GPU serial time : 831.76s (83.18s/seed avg)
2026-03-25 03:44:59 | INFO     |  [pipeline] Wall time total : 1437.90s
2026-03-25 03:44:59 | INFO     |  [pipeline] shutdown waited : 606.14s (0s = all CPU done before GPU finished; >0s = CPU was bottleneck)
2026-03-25 03:44:59 | INFO     |  [pipeline] per-seed GPU    : ['80.75s', '80.13s', '80.72s', '79.10s', '87.96s', '79.06s', '79.98s', '83.39s', '101.05s', '79.62s']
2026-03-25 03:44:59 | INFO     |  [pipeline] overhead vs pure GPU serial: 606.14s (+72.9%)
2026-03-25 03:44:59 | INFO     |  remove [mean_answers_per_q                      ] DBCV=0.0907(-0.3232) floor=False dbcv/seed=['0.358', '0.068', '0.058', '0.043', '0.029', '0.072', '0.105', '0.044', '0.086', '0.045'] 1437.9s
2026-03-25 03:44:59 | INFO     |  [pipeline] entering GPU pipelined path (DBCV_WORKERS=10 DBCV_KNN_JOBS=4 n_seeds=10)
2026-03-25 04:09:13 | INFO     |  [pipeline] GPU serial time : 846.68s (84.67s/seed avg)
2026-03-25 04:09:13 | INFO     |  [pipeline] Wall time total : 1454.52s
2026-03-25 04:09:13 | INFO     |  [pipeline] shutdown waited : 607.84s (0s = all CPU done before GPU finished; >0s = CPU was bottleneck)
2026-03-25 04:09:13 | INFO     |  [pipeline] per-seed GPU    : ['86.88s', '76.80s', '86.80s', '78.23s', '77.43s', '76.99s', '90.40s', '76.60s', '110.05s', '86.49s']
2026-03-25 04:09:13 | INFO     |  [pipeline] overhead vs pure GPU serial: 607.84s (+71.8%)
2026-03-25 04:09:13 | INFO     |  remove [answer_question_ratio                   ] DBCV=0.4134(-0.0005) floor=True  dbcv/seed=['0.633', '0.392', '0.176', '0.380', '0.601', '0.343', '0.589', '0.289', '0.347', '0.384'] 1454.5s
2026-03-25 04:09:13 | INFO     |  [pipeline] entering GPU pipelined path (DBCV_WORKERS=10 DBCV_KNN_JOBS=4 n_seeds=10)
2026-03-25 04:33:13 | INFO     |  [pipeline] GPU serial time : 844.83s (84.48s/seed avg)
2026-03-25 04:33:13 | INFO     |  [pipeline] Wall time total : 1439.35s
2026-03-25 04:33:13 | INFO     |  [pipeline] shutdown waited : 594.52s (0s = all CPU done before GPU finished; >0s = CPU was bottleneck)
2026-03-25 04:33:13 | INFO     |  [pipeline] per-seed GPU    : ['77.79s', '77.60s', '87.70s', '78.22s', '87.30s', '78.08s', '76.77s', '87.58s', '92.71s', '101.09s']
2026-03-25 04:33:13 | INFO     |  [pipeline] overhead vs pure GPU serial: 594.52s (+70.4%)
2026-03-25 04:33:13 | INFO     |  remove [log_comment_count                       ] DBCV=0.3402(-0.0737) floor=False dbcv/seed=['0.476', '0.427', '0.377', '0.081', '0.565', '0.324', '0.554', '0.110', '0.107', '0.379'] 1439.4s
2026-03-25 04:33:13 | INFO     |  [pipeline] entering GPU pipelined path (DBCV_WORKERS=10 DBCV_KNN_JOBS=4 n_seeds=10)
2026-03-25 04:58:08 | INFO     |  [pipeline] GPU serial time : 878.85s (87.88s/seed avg)
2026-03-25 04:58:08 | INFO     |  [pipeline] Wall time total : 1494.79s
2026-03-25 04:58:08 | INFO     |  [pipeline] shutdown waited : 615.94s (0s = all CPU done before GPU finished; >0s = CPU was bottleneck)
2026-03-25 04:58:08 | INFO     |  [pipeline] per-seed GPU    : ['86.10s', '86.36s', '87.29s', '81.78s', '86.86s', '82.02s', '86.98s', '84.72s', '94.67s', '102.07s']
2026-03-25 04:58:08 | INFO     |  [pipeline] overhead vs pure GPU serial: 615.94s (+70.1%)
2026-03-25 04:58:08 | INFO     |  remove [mean_comment_score                      ] DBCV=0.2907(-0.1232) floor=False dbcv/seed=['0.307', '0.344', '0.165', '0.300', '0.328', '0.344', '0.081', '0.515', '0.147', '0.376'] 1494.8s
2026-03-25 04:58:08 | INFO     |  [pipeline] entering GPU pipelined path (DBCV_WORKERS=10 DBCV_KNN_JOBS=4 n_seeds=10)
2026-03-25 05:22:00 | INFO     |  [pipeline] GPU serial time : 826.17s (82.62s/seed avg)
2026-03-25 05:22:00 | INFO     |  [pipeline] Wall time total : 1432.41s
2026-03-25 05:22:00 | INFO     |  [pipeline] shutdown waited : 606.24s (0s = all CPU done before GPU finished; >0s = CPU was bottleneck)
2026-03-25 05:22:00 | INFO     |  [pipeline] per-seed GPU    : ['76.97s', '78.95s', '77.45s', '78.03s', '78.34s', '87.88s', '86.94s', '76.57s', '106.67s', '78.37s']
2026-03-25 05:22:00 | INFO     |  [pipeline] overhead vs pure GPU serial: 606.24s (+73.4%)
2026-03-25 05:22:00 | INFO     |  remove [comment_to_post_ratio                   ] DBCV=0.3219(-0.0920) floor=False dbcv/seed=['0.302', '0.287', '0.051', '0.360', '0.378', '0.539', '0.298', '0.365', '0.241', '0.400'] 1432.4s
2026-03-25 05:22:00 | INFO     |  [pipeline] entering GPU pipelined path (DBCV_WORKERS=10 DBCV_KNN_JOBS=4 n_seeds=10)
2026-03-25 05:45:58 | INFO     |  [pipeline] GPU serial time : 830.05s (83.00s/seed avg)
2026-03-25 05:45:58 | INFO     |  [pipeline] Wall time total : 1437.57s
2026-03-25 05:45:58 | INFO     |  [pipeline] shutdown waited : 607.52s (0s = all CPU done before GPU finished; >0s = CPU was bottleneck)
2026-03-25 05:45:58 | INFO     |  [pipeline] per-seed GPU    : ['77.97s', '88.64s', '81.36s', '87.49s', '81.27s', '78.43s', '76.98s', '101.16s', '79.52s', '77.23s']
2026-03-25 05:45:58 | INFO     |  [pipeline] overhead vs pure GPU serial: 607.53s (+73.2%)
2026-03-25 05:45:58 | INFO     |  remove [log_profile_views                       ] DBCV=0.3051(-0.1088) floor=False dbcv/seed=['0.095', '0.453', '0.331', '0.693', '0.121', '0.135', '0.324', '0.319', '0.388', '0.193'] 1437.6s
2026-03-25 05:45:58 | INFO     |  [pipeline] entering GPU pipelined path (DBCV_WORKERS=10 DBCV_KNN_JOBS=4 n_seeds=10)
2026-03-25 06:09:16 | INFO     |  [pipeline] GPU serial time : 799.48s (79.95s/seed avg)
2026-03-25 06:09:16 | INFO     |  [pipeline] Wall time total : 1398.00s
2026-03-25 06:09:16 | INFO     |  [pipeline] shutdown waited : 598.51s (0s = all CPU done before GPU finished; >0s = CPU was bottleneck)
2026-03-25 06:09:16 | INFO     |  [pipeline] per-seed GPU    : ['77.23s', '78.43s', '76.88s', '77.74s', '78.08s', '78.32s', '79.12s', '96.65s', '77.96s', '79.07s']
2026-03-25 06:09:16 | INFO     |  [pipeline] overhead vs pure GPU serial: 598.51s (+74.9%)
2026-03-25 06:09:16 | INFO     |  remove [log_total_votes_cast                    ] DBCV=0.2686(-0.1453) floor=False dbcv/seed=['0.031', '0.396', '0.337', '0.358', '0.372', '0.385', '0.365', '0.051', '0.113', '0.279'] 1398.0s
2026-03-25 06:09:16 | INFO     |  [pipeline] entering GPU pipelined path (DBCV_WORKERS=10 DBCV_KNN_JOBS=4 n_seeds=10)
2026-03-25 06:34:46 | INFO     |  [pipeline] GPU serial time : 910.87s (91.09s/seed avg)
2026-03-25 06:34:46 | INFO     |  [pipeline] Wall time total : 1530.02s
2026-03-25 06:34:46 | INFO     |  [pipeline] shutdown waited : 619.15s (0s = all CPU done before GPU finished; >0s = CPU was bottleneck)
2026-03-25 06:34:46 | INFO     |  [pipeline] per-seed GPU    : ['89.06s', '89.58s', '88.71s', '89.93s', '88.58s', '88.96s', '90.41s', '86.73s', '95.41s', '103.50s']
2026-03-25 06:34:46 | INFO     |  [pipeline] overhead vs pure GPU serial: 619.15s (+68.0%)
2026-03-25 06:34:46 | INFO     |  remove [tag_badge_score                         ] DBCV=0.3907(-0.0231) floor=True  dbcv/seed=['0.441', '0.331', '0.390', '0.317', '0.563', '0.459', '0.511', '0.398', '0.392', '0.105'] 1530.0s
2026-03-25 06:34:46 | INFO     |  [pipeline] entering GPU pipelined path (DBCV_WORKERS=10 DBCV_KNN_JOBS=4 n_seeds=10)
2026-03-25 06:59:07 | INFO     |  [pipeline] GPU serial time : 852.43s (85.24s/seed avg)
2026-03-25 06:59:07 | INFO     |  [pipeline] Wall time total : 1460.85s
2026-03-25 06:59:07 | INFO     |  [pipeline] shutdown waited : 608.41s (0s = all CPU done before GPU finished; >0s = CPU was bottleneck)
2026-03-25 06:59:07 | INFO     |  [pipeline] per-seed GPU    : ['86.60s', '88.64s', '78.08s', '89.42s', '78.78s', '85.65s', '80.09s', '77.73s', '109.12s', '78.32s']
2026-03-25 06:59:07 | INFO     |  [pipeline] overhead vs pure GPU serial: 608.41s (+71.4%)
2026-03-25 06:59:07 | INFO     |  remove [weekly_activity_regularity              ] DBCV=0.3775(-0.0364) floor=True  dbcv/seed=['0.413', '0.224', '0.470', '0.441', '0.421', '0.084', '0.471', '0.341', '0.418', '0.492'] 1460.9s
2026-03-25 06:59:07 | INFO     |  [pipeline] entering GPU pipelined path (DBCV_WORKERS=10 DBCV_KNN_JOBS=4 n_seeds=10)
2026-03-25 07:22:59 | INFO     |  [pipeline] GPU serial time : 809.95s (80.99s/seed avg)
2026-03-25 07:22:59 | INFO     |  [pipeline] Wall time total : 1432.14s
2026-03-25 07:22:59 | INFO     |  [pipeline] shutdown waited : 622.19s (0s = all CPU done before GPU finished; >0s = CPU was bottleneck)
2026-03-25 07:22:59 | INFO     |  [pipeline] per-seed GPU    : ['77.29s', '79.77s', '77.47s', '77.97s', '77.55s', '79.30s', '77.93s', '76.10s', '108.07s', '78.49s']
2026-03-25 07:22:59 | INFO     |  [pipeline] overhead vs pure GPU serial: 622.19s (+76.8%)
2026-03-25 07:22:59 | INFO     |  remove [log_total_events                        ] DBCV=0.3526(-0.0613) floor=False dbcv/seed=['0.644', '0.504', '0.084', '0.453', '0.387', '0.290', '0.129', '0.318', '0.396', '0.321'] 1432.2s
2026-03-25 07:22:59 | INFO     |  [pipeline] entering GPU pipelined path (DBCV_WORKERS=10 DBCV_KNN_JOBS=4 n_seeds=10)
2026-03-25 07:46:40 | INFO     |  [pipeline] GPU serial time : 817.99s (81.80s/seed avg)
2026-03-25 07:46:40 | INFO     |  [pipeline] Wall time total : 1421.48s
2026-03-25 07:46:40 | INFO     |  [pipeline] shutdown waited : 603.49s (0s = all CPU done before GPU finished; >0s = CPU was bottleneck)
2026-03-25 07:46:40 | INFO     |  [pipeline] per-seed GPU    : ['77.58s', '79.44s', '78.80s', '87.26s', '78.04s', '78.24s', '77.94s', '78.78s', '89.36s', '92.56s']
2026-03-25 07:46:40 | INFO     |  [pipeline] overhead vs pure GPU serial: 603.50s (+73.8%)
2026-03-25 07:46:40 | INFO     |  remove [activity_span_days                      ] DBCV=0.4335(+0.0196) floor=True  dbcv/seed=['0.178', '0.252', '0.654', '0.117', '0.438', '0.610', '0.050', '0.656', '0.734', '0.646'] 1421.5s
2026-03-25 07:46:40 | INFO     |  [pipeline] entering GPU pipelined path (DBCV_WORKERS=10 DBCV_KNN_JOBS=4 n_seeds=10)
2026-03-25 08:11:04 | INFO     |  [pipeline] GPU serial time : 852.36s (85.24s/seed avg)
2026-03-25 08:11:04 | INFO     |  [pipeline] Wall time total : 1463.45s
2026-03-25 08:11:04 | INFO     |  [pipeline] shutdown waited : 611.09s (0s = all CPU done before GPU finished; >0s = CPU was bottleneck)
2026-03-25 08:11:04 | INFO     |  [pipeline] per-seed GPU    : ['87.75s', '78.68s', '78.17s', '79.78s', '86.53s', '80.07s', '88.46s', '86.74s', '83.13s', '103.05s']
2026-03-25 08:11:04 | INFO     |  [pipeline] overhead vs pure GPU serial: 611.09s (+71.7%)
2026-03-25 08:11:04 | INFO     |  remove [tag_entropy                             ] DBCV=0.3300(-0.0839) floor=False dbcv/seed=['0.428', '0.247', '0.055', '0.626', '0.312', '0.517', '0.340', '0.384', '0.323', '0.069'] 1463.5s
2026-03-25 08:11:04 | INFO     |  [pipeline] entering GPU pipelined path (DBCV_WORKERS=10 DBCV_KNN_JOBS=4 n_seeds=10)
2026-03-25 08:33:54 | INFO     |  [pipeline] GPU serial time : 793.96s (79.40s/seed avg)
2026-03-25 08:33:54 | INFO     |  [pipeline] Wall time total : 1370.53s
2026-03-25 08:33:54 | INFO     |  [pipeline] shutdown waited : 576.57s (0s = all CPU done before GPU finished; >0s = CPU was bottleneck)
2026-03-25 08:33:54 | INFO     |  [pipeline] per-seed GPU    : ['77.09s', '77.98s', '75.92s', '76.99s', '78.96s', '79.72s', '78.11s', '75.68s', '81.40s', '92.09s']
2026-03-25 08:33:54 | INFO     |  [pipeline] overhead vs pure GPU serial: 576.57s (+72.6%)
2026-03-25 08:33:54 | INFO     |  remove [top_tag_concentration                   ] DBCV=0.2031(-0.2108) floor=False dbcv/seed=['0.269', '0.139', '0.251', '0.260', '0.231', '0.104', '0.078', '0.149', '0.142', '0.407'] 1370.6s
2026-03-25 08:33:54 | INFO     |  ✓ Dropped [mean_answer_score]  DBCV=0.4347  remaining=20  round=30332.5s
2026-03-25 08:33:54 | INFO     |  -- Round 2/999 (20 features)  floor=0.3912 --
2026-03-25 08:33:54 | INFO     |  [pipeline] entering GPU pipelined path (DBCV_WORKERS=10 DBCV_KNN_JOBS=4 n_seeds=10)
2026-03-25 08:57:31 | INFO     |  [pipeline] GPU serial time : 799.70s (79.97s/seed avg)
2026-03-25 08:57:31 | INFO     |  [pipeline] Wall time total : 1417.09s
2026-03-25 08:57:31 | INFO     |  [pipeline] shutdown waited : 617.40s (0s = all CPU done before GPU finished; >0s = CPU was bottleneck)
2026-03-25 08:57:31 | INFO     |  [pipeline] per-seed GPU    : ['78.05s', '79.11s', '77.42s', '78.63s', '79.27s', '76.74s', '76.60s', '75.96s', '99.80s', '78.12s']
2026-03-25 08:57:31 | INFO     |  [pipeline] overhead vs pure GPU serial: 617.40s (+77.2%)
2026-03-25 08:57:31 | INFO     |  remove [log_answer_count                        ] DBCV=0.2926(-0.1421) floor=False dbcv/seed=['0.366', '0.366', '0.285', '0.046', '0.046', '0.395', '0.351', '0.338', '0.379', '0.355'] 1417.1s
2026-03-25 08:57:31 | INFO     |  [pipeline] entering GPU pipelined path (DBCV_WORKERS=10 DBCV_KNN_JOBS=4 n_seeds=10)
2026-03-25 09:21:47 | INFO     |  [pipeline] GPU serial time : 848.80s (84.88s/seed avg)
2026-03-25 09:21:47 | INFO     |  [pipeline] Wall time total : 1455.24s
2026-03-25 09:21:47 | INFO     |  [pipeline] shutdown waited : 606.44s (0s = all CPU done before GPU finished; >0s = CPU was bottleneck)
2026-03-25 09:21:47 | INFO     |  [pipeline] per-seed GPU    : ['81.05s', '81.23s', '83.25s', '82.98s', '81.29s', '83.24s', '84.77s', '82.76s', '103.76s', '84.48s']
2026-03-25 09:21:47 | INFO     |  [pipeline] overhead vs pure GPU serial: 606.44s (+71.4%)
2026-03-25 09:21:47 | INFO     |  remove [log_total_ans_score                     ] DBCV=0.3464(-0.0883) floor=False dbcv/seed=['0.380', '0.345', '0.375', '0.321', '0.370', '0.377', '0.333', '0.292', '0.382', '0.290'] 1455.3s
2026-03-25 09:21:47 | INFO     |  [pipeline] entering GPU pipelined path (DBCV_WORKERS=10 DBCV_KNN_JOBS=4 n_seeds=10)
2026-03-25 09:47:10 | INFO     |  [pipeline] GPU serial time : 849.62s (84.96s/seed avg)
2026-03-25 09:47:10 | INFO     |  [pipeline] Wall time total : 1522.93s
2026-03-25 09:47:10 | INFO     |  [pipeline] shutdown waited : 673.32s (0s = all CPU done before GPU finished; >0s = CPU was bottleneck)
2026-03-25 09:47:10 | INFO     |  [pipeline] per-seed GPU    : ['81.25s', '83.98s', '81.56s', '81.44s', '81.08s', '82.65s', '82.88s', '86.94s', '104.00s', '83.84s']
2026-03-25 09:47:10 | INFO     |  [pipeline] overhead vs pure GPU serial: 673.32s (+79.2%)
2026-03-25 09:47:10 | INFO     |  remove [ans_score_std                           ] DBCV=0.0871(-0.3476) floor=False dbcv/seed=['0.089', '0.045', '0.077', '0.155', '0.144', '0.063', '0.072', '0.149', '0.038', '0.039'] 1523.0s
2026-03-25 09:47:10 | INFO     |  [pipeline] entering GPU pipelined path (DBCV_WORKERS=10 DBCV_KNN_JOBS=4 n_seeds=10)
2026-03-25 10:11:17 | INFO     |  [pipeline] GPU serial time : 813.44s (81.34s/seed avg)
2026-03-25 10:11:17 | INFO     |  [pipeline] Wall time total : 1447.06s
2026-03-25 10:11:17 | INFO     |  [pipeline] shutdown waited : 633.63s (0s = all CPU done before GPU finished; >0s = CPU was bottleneck)
2026-03-25 10:11:17 | INFO     |  [pipeline] per-seed GPU    : ['82.23s', '77.99s', '79.37s', '81.48s', '77.08s', '77.82s', '75.87s', '85.87s', '97.15s', '78.58s']
2026-03-25 10:11:17 | INFO     |  [pipeline] overhead vs pure GPU serial: 633.63s (+77.9%)
2026-03-25 10:11:17 | INFO     |  remove [answer_acceptance_rate                  ] DBCV=0.1542(-0.2805) floor=False dbcv/seed=['0.018', '0.014', '0.257', '0.027', '0.332', '0.160', '0.060', '0.395', '0.022', '0.257'] 1447.1s
2026-03-25 10:11:17 | INFO     |  [pipeline] entering GPU pipelined path (DBCV_WORKERS=10 DBCV_KNN_JOBS=4 n_seeds=10)
2026-03-25 10:34:41 | INFO     |  [pipeline] GPU serial time : 793.21s (79.32s/seed avg)
2026-03-25 10:34:41 | INFO     |  [pipeline] Wall time total : 1404.56s
2026-03-25 10:34:41 | INFO     |  [pipeline] shutdown waited : 611.35s (0s = all CPU done before GPU finished; >0s = CPU was bottleneck)
2026-03-25 10:34:41 | INFO     |  [pipeline] per-seed GPU    : ['76.94s', '78.50s', '76.55s', '77.77s', '77.77s', '78.22s', '76.28s', '75.81s', '98.25s', '77.12s']
2026-03-25 10:34:41 | INFO     |  [pipeline] overhead vs pure GPU serial: 611.35s (+77.1%)
2026-03-25 10:34:41 | INFO     |  remove [log_question_count                      ] DBCV=0.1755(-0.2592) floor=False dbcv/seed=['0.341', '0.302', '0.102', '0.025', '0.348', '0.149', '0.370', '0.061', '0.011', '0.046'] 1404.6s
2026-03-25 10:34:41 | INFO     |  [pipeline] entering GPU pipelined path (DBCV_WORKERS=10 DBCV_KNN_JOBS=4 n_seeds=10)
2026-03-25 10:57:59 | INFO     |  [pipeline] GPU serial time : 809.02s (80.90s/seed avg)
2026-03-25 10:57:59 | INFO     |  [pipeline] Wall time total : 1397.35s
2026-03-25 10:57:59 | INFO     |  [pipeline] shutdown waited : 588.32s (0s = all CPU done before GPU finished; >0s = CPU was bottleneck)
2026-03-25 10:57:59 | INFO     |  [pipeline] per-seed GPU    : ['78.68s', '78.67s', '79.73s', '79.82s', '78.97s', '78.28s', '77.21s', '79.41s', '97.24s', '81.00s']
2026-03-25 10:57:59 | INFO     |  [pipeline] overhead vs pure GPU serial: 588.32s (+72.7%)
2026-03-25 10:57:59 | INFO     |  remove [mean_question_score                     ] DBCV=0.3591(-0.0756) floor=False dbcv/seed=['0.386', '0.142', '0.487', '0.113', '0.567', '0.330', '0.278', '0.373', '0.324', '0.591'] 1397.4s
2026-03-25 10:57:59 | INFO     |  [pipeline] entering GPU pipelined path (DBCV_WORKERS=10 DBCV_KNN_JOBS=4 n_seeds=10)
2026-03-25 11:22:30 | INFO     |  [pipeline] GPU serial time : 808.27s (80.83s/seed avg)
2026-03-25 11:22:30 | INFO     |  [pipeline] Wall time total : 1471.19s
2026-03-25 11:22:30 | INFO     |  [pipeline] shutdown waited : 662.92s (0s = all CPU done before GPU finished; >0s = CPU was bottleneck)
2026-03-25 11:22:30 | INFO     |  [pipeline] per-seed GPU    : ['77.80s', '77.47s', '78.40s', '78.54s', '79.37s', '79.63s', '77.66s', '78.65s', '102.66s', '78.09s']
2026-03-25 11:22:30 | INFO     |  [pipeline] overhead vs pure GPU serial: 662.92s (+82.0%)
2026-03-25 11:22:30 | INFO     |  remove [log_question_views                      ] DBCV=0.2478(-0.1869) floor=False dbcv/seed=['0.344', '0.254', '0.330', '0.075', '0.355', '0.283', '0.337', '0.327', '0.050', '0.122'] 1471.2s
2026-03-25 11:22:30 | INFO     |  [pipeline] entering GPU pipelined path (DBCV_WORKERS=10 DBCV_KNN_JOBS=4 n_seeds=10)
2026-03-25 11:45:59 | INFO     |  [pipeline] GPU serial time : 820.06s (82.01s/seed avg)
2026-03-25 11:45:59 | INFO     |  [pipeline] Wall time total : 1409.06s
2026-03-25 11:45:59 | INFO     |  [pipeline] shutdown waited : 589.00s (0s = all CPU done before GPU finished; >0s = CPU was bottleneck)
2026-03-25 11:45:59 | INFO     |  [pipeline] per-seed GPU    : ['76.78s', '80.64s', '80.37s', '80.03s', '80.99s', '79.38s', '81.31s', '80.78s', '85.03s', '94.75s']
2026-03-25 11:45:59 | INFO     |  [pipeline] overhead vs pure GPU serial: 589.00s (+71.8%)
2026-03-25 11:45:59 | INFO     |  remove [mean_answers_per_q                      ] DBCV=0.1540(-0.2807) floor=False dbcv/seed=['0.166', '0.072', '0.171', '0.185', '0.039', '0.352', '0.026', '0.154', '0.206', '0.170'] 1409.1s
2026-03-25 11:45:59 | INFO     |  [pipeline] entering GPU pipelined path (DBCV_WORKERS=10 DBCV_KNN_JOBS=4 n_seeds=10)
2026-03-25 12:09:17 | INFO     |  [pipeline] GPU serial time : 799.04s (79.90s/seed avg)
2026-03-25 12:09:17 | INFO     |  [pipeline] Wall time total : 1397.91s
2026-03-25 12:09:17 | INFO     |  [pipeline] shutdown waited : 598.86s (0s = all CPU done before GPU finished; >0s = CPU was bottleneck)
2026-03-25 12:09:17 | INFO     |  [pipeline] per-seed GPU    : ['75.88s', '79.40s', '77.33s', '77.40s', '79.87s', '78.59s', '77.04s', '75.40s', '101.38s', '76.75s']
2026-03-25 12:09:17 | INFO     |  [pipeline] overhead vs pure GPU serial: 598.86s (+74.9%)
2026-03-25 12:09:17 | INFO     |  remove [answer_question_ratio                   ] DBCV=0.2960(-0.1388) floor=False dbcv/seed=['0.046', '0.369', '0.372', '0.080', '0.648', '0.370', '0.394', '0.079', '0.189', '0.411'] 1397.9s
2026-03-25 12:09:17 | INFO     |  [pipeline] entering GPU pipelined path (DBCV_WORKERS=10 DBCV_KNN_JOBS=4 n_seeds=10)
2026-03-25 12:33:08 | INFO     |  [pipeline] GPU serial time : 804.11s (80.41s/seed avg)
2026-03-25 12:33:08 | INFO     |  [pipeline] Wall time total : 1431.43s
2026-03-25 12:33:08 | INFO     |  [pipeline] shutdown waited : 627.32s (0s = all CPU done before GPU finished; >0s = CPU was bottleneck)
2026-03-25 12:33:08 | INFO     |  [pipeline] per-seed GPU    : ['78.20s', '79.98s', '78.85s', '78.42s', '77.30s', '78.20s', '77.84s', '77.43s', '83.80s', '94.10s']
2026-03-25 12:33:08 | INFO     |  [pipeline] overhead vs pure GPU serial: 627.32s (+78.0%)
2026-03-25 12:33:08 | INFO     |  remove [log_comment_count                       ] DBCV=0.2995(-0.1352) floor=False dbcv/seed=['0.355', '0.360', '0.025', '0.182', '0.372', '0.483', '0.391', '0.434', '0.345', '0.048'] 1431.5s
2026-03-25 12:33:08 | INFO     |  [pipeline] entering GPU pipelined path (DBCV_WORKERS=10 DBCV_KNN_JOBS=4 n_seeds=10)
2026-03-25 12:57:32 | INFO     |  [pipeline] GPU serial time : 851.79s (85.18s/seed avg)
2026-03-25 12:57:32 | INFO     |  [pipeline] Wall time total : 1463.24s
2026-03-25 12:57:32 | INFO     |  [pipeline] shutdown waited : 611.45s (0s = all CPU done before GPU finished; >0s = CPU was bottleneck)
2026-03-25 12:57:32 | INFO     |  [pipeline] per-seed GPU    : ['85.35s', '76.88s', '78.43s', '77.97s', '87.51s', '88.83s', '85.59s', '85.56s', '91.90s', '93.78s']
2026-03-25 12:57:32 | INFO     |  [pipeline] overhead vs pure GPU serial: 611.45s (+71.8%)
2026-03-25 12:57:32 | INFO     |  remove [mean_comment_score                      ] DBCV=0.3669(-0.0678) floor=False dbcv/seed=['0.319', '0.335', '0.317', '0.618', '0.384', '0.345', '0.354', '0.328', '0.321', '0.348'] 1463.3s
2026-03-25 12:57:32 | INFO     |  [pipeline] entering GPU pipelined path (DBCV_WORKERS=10 DBCV_KNN_JOBS=4 n_seeds=10)
2026-03-25 13:20:57 | INFO     |  [pipeline] GPU serial time : 805.78s (80.58s/seed avg)
2026-03-25 13:20:57 | INFO     |  [pipeline] Wall time total : 1405.04s
2026-03-25 13:20:57 | INFO     |  [pipeline] shutdown waited : 599.26s (0s = all CPU done before GPU finished; >0s = CPU was bottleneck)
2026-03-25 13:20:57 | INFO     |  [pipeline] per-seed GPU    : ['77.24s', '78.67s', '79.66s', '79.42s', '80.55s', '79.24s', '77.38s', '77.45s', '98.69s', '77.48s']
2026-03-25 13:20:57 | INFO     |  [pipeline] overhead vs pure GPU serial: 599.26s (+74.4%)
2026-03-25 13:20:57 | INFO     |  remove [comment_to_post_ratio                   ] DBCV=0.3348(-0.0999) floor=False dbcv/seed=['0.402', '0.383', '0.634', '0.185', '0.365', '0.410', '0.375', '0.061', '0.383', '0.150'] 1405.1s
2026-03-25 13:20:57 | INFO     |  [pipeline] entering GPU pipelined path (DBCV_WORKERS=10 DBCV_KNN_JOBS=4 n_seeds=10)
2026-03-25 13:45:22 | INFO     |  [pipeline] GPU serial time : 844.04s (84.40s/seed avg)
2026-03-25 13:45:22 | INFO     |  [pipeline] Wall time total : 1465.65s
2026-03-25 13:45:22 | INFO     |  [pipeline] shutdown waited : 621.61s (0s = all CPU done before GPU finished; >0s = CPU was bottleneck)
2026-03-25 13:45:22 | INFO     |  [pipeline] per-seed GPU    : ['84.30s', '80.93s', '81.10s', '82.88s', '82.85s', '80.57s', '80.51s', '83.98s', '88.15s', '98.77s']
2026-03-25 13:45:22 | INFO     |  [pipeline] overhead vs pure GPU serial: 621.61s (+73.6%)
2026-03-25 13:45:22 | INFO     |  remove [log_profile_views                       ] DBCV=0.2308(-0.2040) floor=False dbcv/seed=['0.166', '0.410', '0.261', '0.240', '0.106', '0.037', '0.250', '0.540', '0.195', '0.101'] 1465.7s
2026-03-25 13:45:22 | INFO     |  [pipeline] entering GPU pipelined path (DBCV_WORKERS=10 DBCV_KNN_JOBS=4 n_seeds=10)
2026-03-25 14:09:19 | INFO     |  [pipeline] GPU serial time : 815.51s (81.55s/seed avg)
2026-03-25 14:09:19 | INFO     |  [pipeline] Wall time total : 1436.68s
2026-03-25 14:09:19 | INFO     |  [pipeline] shutdown waited : 621.17s (0s = all CPU done before GPU finished; >0s = CPU was bottleneck)
2026-03-25 14:09:19 | INFO     |  [pipeline] per-seed GPU    : ['78.23s', '77.75s', '79.94s', '78.62s', '77.72s', '82.09s', '83.66s', '79.96s', '98.94s', '78.61s']
2026-03-25 14:09:19 | INFO     |  [pipeline] overhead vs pure GPU serial: 621.17s (+76.2%)
2026-03-25 14:09:19 | INFO     |  remove [log_total_votes_cast                    ] DBCV=0.3217(-0.1130) floor=False dbcv/seed=['0.049', '0.663', '0.041', '0.415', '0.386', '0.082', '0.481', '0.329', '0.375', '0.396'] 1436.7s
2026-03-25 14:09:19 | INFO     |  [pipeline] entering GPU pipelined path (DBCV_WORKERS=10 DBCV_KNN_JOBS=4 n_seeds=10)
2026-03-25 14:33:17 | INFO     |  [pipeline] GPU serial time : 817.22s (81.72s/seed avg)
2026-03-25 14:33:17 | INFO     |  [pipeline] Wall time total : 1438.25s
2026-03-25 14:33:17 | INFO     |  [pipeline] shutdown waited : 621.03s (0s = all CPU done before GPU finished; >0s = CPU was bottleneck)
2026-03-25 14:33:17 | INFO     |  [pipeline] per-seed GPU    : ['79.30s', '78.29s', '76.90s', '82.88s', '79.26s', '78.63s', '80.48s', '80.98s', '80.33s', '100.18s']
2026-03-25 14:33:17 | INFO     |  [pipeline] overhead vs pure GPU serial: 621.03s (+76.0%)
2026-03-25 14:33:17 | INFO     |  remove [tag_badge_score                         ] DBCV=0.4443(+0.0096) floor=True  dbcv/seed=['0.411', '0.374', '0.545', '0.410', '0.441', '0.390', '0.413', '0.395', '0.685', '0.378'] 1438.3s
2026-03-25 14:33:17 | INFO     |  [pipeline] entering GPU pipelined path (DBCV_WORKERS=10 DBCV_KNN_JOBS=4 n_seeds=10)
2026-03-25 14:57:13 | INFO     |  [pipeline] GPU serial time : 813.16s (81.32s/seed avg)
2026-03-25 14:57:13 | INFO     |  [pipeline] Wall time total : 1435.89s
2026-03-25 14:57:13 | INFO     |  [pipeline] shutdown waited : 622.74s (0s = all CPU done before GPU finished; >0s = CPU was bottleneck)
2026-03-25 14:57:13 | INFO     |  [pipeline] per-seed GPU    : ['77.13s', '79.57s', '78.90s', '78.52s', '75.98s', '81.71s', '79.35s', '79.89s', '102.48s', '79.62s']
2026-03-25 14:57:13 | INFO     |  [pipeline] overhead vs pure GPU serial: 622.74s (+76.6%)
2026-03-25 14:57:13 | INFO     |  remove [weekly_activity_regularity              ] DBCV=0.3961(-0.0386) floor=True  dbcv/seed=['0.539', '0.343', '0.355', '0.383', '0.464', '0.353', '0.365', '0.367', '0.419', '0.374'] 1435.9s
2026-03-25 14:57:13 | INFO     |  [pipeline] entering GPU pipelined path (DBCV_WORKERS=10 DBCV_KNN_JOBS=4 n_seeds=10)
2026-03-25 15:20:59 | INFO     |  [pipeline] GPU serial time : 806.39s (80.64s/seed avg)
2026-03-25 15:20:59 | INFO     |  [pipeline] Wall time total : 1425.41s
2026-03-25 15:20:59 | INFO     |  [pipeline] shutdown waited : 619.02s (0s = all CPU done before GPU finished; >0s = CPU was bottleneck)
2026-03-25 15:20:59 | INFO     |  [pipeline] per-seed GPU    : ['78.02s', '76.50s', '81.64s', '77.76s', '78.59s', '78.25s', '77.80s', '78.81s', '100.46s', '78.56s']
2026-03-25 15:20:59 | INFO     |  [pipeline] overhead vs pure GPU serial: 619.02s (+76.8%)
2026-03-25 15:20:59 | INFO     |  remove [log_total_events                        ] DBCV=0.5004(+0.0657) floor=True  dbcv/seed=['0.363', '0.383', '0.620', '0.725', '0.709', '0.391', '0.378', '0.387', '0.395', '0.653'] 1425.4s
2026-03-25 15:20:59 | INFO     |  [pipeline] entering GPU pipelined path (DBCV_WORKERS=10 DBCV_KNN_JOBS=4 n_seeds=10)
2026-03-25 15:44:37 | INFO     |  [pipeline] GPU serial time : 811.85s (81.18s/seed avg)
2026-03-25 15:44:37 | INFO     |  [pipeline] Wall time total : 1418.68s
2026-03-25 15:44:37 | INFO     |  [pipeline] shutdown waited : 606.83s (0s = all CPU done before GPU finished; >0s = CPU was bottleneck)
2026-03-25 15:44:37 | INFO     |  [pipeline] per-seed GPU    : ['77.51s', '78.88s', '82.27s', '78.91s', '78.42s', '78.02s', '79.05s', '77.32s', '101.76s', '79.70s']
2026-03-25 15:44:37 | INFO     |  [pipeline] overhead vs pure GPU serial: 606.83s (+74.7%)
2026-03-25 15:44:37 | INFO     |  remove [activity_span_days                      ] DBCV=0.2706(-0.1641) floor=False dbcv/seed=['0.175', '0.396', '0.347', '0.409', '0.045', '0.414', '0.443', '0.041', '0.387', '0.049'] 1418.7s
2026-03-25 15:44:37 | INFO     |  [pipeline] entering GPU pipelined path (DBCV_WORKERS=10 DBCV_KNN_JOBS=4 n_seeds=10)
2026-03-25 16:08:12 | INFO     |  [pipeline] GPU serial time : 804.78s (80.48s/seed avg)
2026-03-25 16:08:12 | INFO     |  [pipeline] Wall time total : 1414.47s
2026-03-25 16:08:12 | INFO     |  [pipeline] shutdown waited : 609.69s (0s = all CPU done before GPU finished; >0s = CPU was bottleneck)
2026-03-25 16:08:12 | INFO     |  [pipeline] per-seed GPU    : ['77.17s', '78.02s', '80.84s', '76.76s', '78.80s', '79.93s', '78.71s', '77.97s', '98.60s', '77.97s']
2026-03-25 16:08:12 | INFO     |  [pipeline] overhead vs pure GPU serial: 609.69s (+75.8%)
2026-03-25 16:08:12 | INFO     |  remove [tag_entropy                             ] DBCV=0.3524(-0.0823) floor=False dbcv/seed=['0.397', '0.253', '0.330', '0.375', '0.473', '0.343', '0.196', '0.390', '0.360', '0.407'] 1414.5s
2026-03-25 16:08:12 | INFO     |  [pipeline] entering GPU pipelined path (DBCV_WORKERS=10 DBCV_KNN_JOBS=4 n_seeds=10)
2026-03-25 16:31:58 | INFO     |  [pipeline] GPU serial time : 824.40s (82.44s/seed avg)
2026-03-25 16:31:58 | INFO     |  [pipeline] Wall time total : 1425.57s
2026-03-25 16:31:58 | INFO     |  [pipeline] shutdown waited : 601.17s (0s = all CPU done before GPU finished; >0s = CPU was bottleneck)
2026-03-25 16:31:58 | INFO     |  [pipeline] per-seed GPU    : ['81.32s', '80.51s', '80.98s', '80.56s', '80.14s', '79.60s', '81.31s', '84.14s', '95.26s', '80.58s']
2026-03-25 16:31:58 | INFO     |  [pipeline] overhead vs pure GPU serial: 601.17s (+72.9%)
2026-03-25 16:31:58 | INFO     |  remove [top_tag_concentration                   ] DBCV=0.3257(-0.1090) floor=False dbcv/seed=['0.332', '0.160', '0.385', '0.076', '0.356', '0.419', '0.428', '0.377', '0.368', '0.355'] 1425.6s
2026-03-25 16:31:58 | INFO     |  ✓ Dropped [log_total_events]  DBCV=0.5004  remaining=19  round=28683.3s
2026-03-25 16:31:58 | INFO     |  -- Round 3/999 (19 features)  floor=0.4504 --
2026-03-25 16:31:58 | INFO     |  [pipeline] entering GPU pipelined path (DBCV_WORKERS=10 DBCV_KNN_JOBS=4 n_seeds=10)
2026-03-25 16:55:17 | INFO     |  [pipeline] GPU serial time : 798.57s (79.86s/seed avg)
2026-03-25 16:55:17 | INFO     |  [pipeline] Wall time total : 1399.72s
2026-03-25 16:55:17 | INFO     |  [pipeline] shutdown waited : 601.16s (0s = all CPU done before GPU finished; >0s = CPU was bottleneck)
2026-03-25 16:55:17 | INFO     |  [pipeline] per-seed GPU    : ['75.93s', '77.24s', '78.36s', '79.30s', '77.06s', '78.75s', '78.31s', '78.60s', '97.11s', '77.90s']
2026-03-25 16:55:17 | INFO     |  [pipeline] overhead vs pure GPU serial: 601.16s (+75.3%)
2026-03-25 16:55:17 | INFO     |  remove [log_answer_count                        ] DBCV=0.3219(-0.1785) floor=False dbcv/seed=['0.385', '0.371', '0.377', '0.389', '0.377', '0.038', '0.407', '0.373', '0.431', '0.071'] 1399.8s
2026-03-25 16:55:17 | INFO     |  [pipeline] entering GPU pipelined path (DBCV_WORKERS=10 DBCV_KNN_JOBS=4 n_seeds=10)
2026-03-25 17:19:10 | INFO     |  [pipeline] GPU serial time : 830.68s (83.07s/seed avg)
2026-03-25 17:19:10 | INFO     |  [pipeline] Wall time total : 1432.80s
2026-03-25 17:19:10 | INFO     |  [pipeline] shutdown waited : 602.12s (0s = all CPU done before GPU finished; >0s = CPU was bottleneck)
2026-03-25 17:19:10 | INFO     |  [pipeline] per-seed GPU    : ['81.34s', '81.20s', '81.53s', '81.42s', '78.91s', '81.63s', '81.58s', '81.72s', '85.29s', '96.05s']
2026-03-25 17:19:10 | INFO     |  [pipeline] overhead vs pure GPU serial: 602.12s (+72.5%)
2026-03-25 17:19:10 | INFO     |  remove [log_total_ans_score                     ] DBCV=0.3415(-0.1589) floor=False dbcv/seed=['0.422', '0.382', '0.408', '0.361', '0.391', '0.349', '0.091', '0.306', '0.339', '0.365'] 1432.8s
2026-03-25 17:19:10 | INFO     |  [pipeline] entering GPU pipelined path (DBCV_WORKERS=10 DBCV_KNN_JOBS=4 n_seeds=10)
2026-03-25 17:44:20 | INFO     |  [pipeline] GPU serial time : 851.13s (85.11s/seed avg)
2026-03-25 17:44:20 | INFO     |  [pipeline] Wall time total : 1509.84s
2026-03-25 17:44:20 | INFO     |  [pipeline] shutdown waited : 658.71s (0s = all CPU done before GPU finished; >0s = CPU was bottleneck)
2026-03-25 17:44:20 | INFO     |  [pipeline] per-seed GPU    : ['83.23s', '82.95s', '83.22s', '81.87s', '83.17s', '83.17s', '83.99s', '83.26s', '80.40s', '105.87s']
2026-03-25 17:44:20 | INFO     |  [pipeline] overhead vs pure GPU serial: 658.71s (+77.4%)
2026-03-25 17:44:20 | INFO     |  remove [ans_score_std                           ] DBCV=0.1321(-0.3683) floor=False dbcv/seed=['0.172', '0.012', '0.074', '0.086', '0.052', '0.610', '0.056', '0.050', '0.161', '0.049'] 1509.9s
2026-03-25 17:44:20 | INFO     |  [pipeline] entering GPU pipelined path (DBCV_WORKERS=10 DBCV_KNN_JOBS=4 n_seeds=10)
2026-03-25 18:08:38 | INFO     |  [pipeline] GPU serial time : 812.19s (81.22s/seed avg)
2026-03-25 18:08:38 | INFO     |  [pipeline] Wall time total : 1457.89s
2026-03-25 18:08:38 | INFO     |  [pipeline] shutdown waited : 645.71s (0s = all CPU done before GPU finished; >0s = CPU was bottleneck)
2026-03-25 18:08:38 | INFO     |  [pipeline] per-seed GPU    : ['78.48s', '80.05s', '77.91s', '78.10s', '78.52s', '78.84s', '78.65s', '78.27s', '103.92s', '79.44s']
2026-03-25 18:08:38 | INFO     |  [pipeline] overhead vs pure GPU serial: 645.71s (+79.5%)
2026-03-25 18:08:38 | INFO     |  remove [answer_acceptance_rate                  ] DBCV=0.2496(-0.2508) floor=False dbcv/seed=['0.322', '0.378', '0.129', '0.083', '0.407', '0.413', '0.055', '0.286', '0.136', '0.286'] 1457.9s
2026-03-25 18:08:38 | INFO     |  [pipeline] entering GPU pipelined path (DBCV_WORKERS=10 DBCV_KNN_JOBS=4 n_seeds=10)
2026-03-25 18:32:11 | INFO     |  [pipeline] GPU serial time : 803.24s (80.32s/seed avg)
2026-03-25 18:32:11 | INFO     |  [pipeline] Wall time total : 1412.82s
2026-03-25 18:32:11 | INFO     |  [pipeline] shutdown waited : 609.58s (0s = all CPU done before GPU finished; >0s = CPU was bottleneck)
2026-03-25 18:32:11 | INFO     |  [pipeline] per-seed GPU    : ['77.80s', '78.31s', '77.46s', '77.82s', '77.97s', '79.01s', '77.43s', '79.59s', '85.47s', '92.39s']
2026-03-25 18:32:11 | INFO     |  [pipeline] overhead vs pure GPU serial: 609.58s (+75.9%)
2026-03-25 18:32:11 | INFO     |  remove [log_question_count                      ] DBCV=0.3267(-0.1738) floor=False dbcv/seed=['0.402', '0.042', '0.441', '0.311', '0.201', '0.440', '0.406', '0.331', '0.380', '0.313'] 1412.8s
2026-03-25 18:32:11 | INFO     |  [pipeline] entering GPU pipelined path (DBCV_WORKERS=10 DBCV_KNN_JOBS=4 n_seeds=10)
2026-03-25 18:55:23 | INFO     |  [pipeline] GPU serial time : 805.23s (80.52s/seed avg)
2026-03-25 18:55:23 | INFO     |  [pipeline] Wall time total : 1392.04s
2026-03-25 18:55:23 | INFO     |  [pipeline] shutdown waited : 586.81s (0s = all CPU done before GPU finished; >0s = CPU was bottleneck)
2026-03-25 18:55:23 | INFO     |  [pipeline] per-seed GPU    : ['78.17s', '79.45s', '78.87s', '79.27s', '79.00s', '78.59s', '78.59s', '77.63s', '98.26s', '77.40s']
2026-03-25 18:55:23 | INFO     |  [pipeline] overhead vs pure GPU serial: 586.81s (+72.9%)
2026-03-25 18:55:23 | INFO     |  remove [mean_question_score                     ] DBCV=0.2738(-0.2266) floor=False dbcv/seed=['0.327', '0.312', '0.285', '0.054', '0.043', '0.221', '0.544', '0.370', '0.563', '0.018'] 1392.1s
2026-03-25 18:55:23 | INFO     |  [pipeline] entering GPU pipelined path (DBCV_WORKERS=10 DBCV_KNN_JOBS=4 n_seeds=10)
2026-03-25 19:19:38 | INFO     |  [pipeline] GPU serial time : 810.71s (81.07s/seed avg)
2026-03-25 19:19:38 | INFO     |  [pipeline] Wall time total : 1455.05s
2026-03-25 19:19:38 | INFO     |  [pipeline] shutdown waited : 644.33s (0s = all CPU done before GPU finished; >0s = CPU was bottleneck)
2026-03-25 19:19:38 | INFO     |  [pipeline] per-seed GPU    : ['78.79s', '79.00s', '79.11s', '78.02s', '79.07s', '77.85s', '79.40s', '77.07s', '80.85s', '101.56s']
2026-03-25 19:19:38 | INFO     |  [pipeline] overhead vs pure GPU serial: 644.34s (+79.5%)
2026-03-25 19:19:38 | INFO     |  remove [log_question_views                      ] DBCV=0.3918(-0.1086) floor=False dbcv/seed=['0.352', '0.341', '0.707', '0.390', '0.233', '0.378', '0.377', '0.379', '0.383', '0.377'] 1455.1s
2026-03-25 19:19:38 | INFO     |  [pipeline] entering GPU pipelined path (DBCV_WORKERS=10 DBCV_KNN_JOBS=4 n_seeds=10)
2026-03-25 19:43:00 | INFO     |  [pipeline] GPU serial time : 808.37s (80.84s/seed avg)
2026-03-25 19:43:00 | INFO     |  [pipeline] Wall time total : 1401.79s
2026-03-25 19:43:00 | INFO     |  [pipeline] shutdown waited : 593.42s (0s = all CPU done before GPU finished; >0s = CPU was bottleneck)
2026-03-25 19:43:00 | INFO     |  [pipeline] per-seed GPU    : ['79.46s', '79.15s', '81.43s', '78.84s', '77.60s', '79.21s', '78.45s', '78.39s', '97.74s', '78.10s']
2026-03-25 19:43:00 | INFO     |  [pipeline] overhead vs pure GPU serial: 593.43s (+73.4%)
2026-03-25 19:43:00 | INFO     |  remove [mean_answers_per_q                      ] DBCV=0.2321(-0.2683) floor=False dbcv/seed=['0.150', '0.271', '0.196', '0.383', '0.376', '0.187', '0.075', '0.161', '0.308', '0.213'] 1401.8s
2026-03-25 19:43:00 | INFO     |  [pipeline] entering GPU pipelined path (DBCV_WORKERS=10 DBCV_KNN_JOBS=4 n_seeds=10)
2026-03-25 20:06:34 | INFO     |  [pipeline] GPU serial time : 809.01s (80.90s/seed avg)
2026-03-25 20:06:34 | INFO     |  [pipeline] Wall time total : 1413.86s
2026-03-25 20:06:34 | INFO     |  [pipeline] shutdown waited : 604.85s (0s = all CPU done before GPU finished; >0s = CPU was bottleneck)
2026-03-25 20:06:34 | INFO     |  [pipeline] per-seed GPU    : ['77.42s', '78.54s', '79.61s', '78.43s', '78.28s', '80.37s', '78.41s', '79.07s', '83.00s', '95.88s']
2026-03-25 20:06:34 | INFO     |  [pipeline] overhead vs pure GPU serial: 604.85s (+74.8%)
2026-03-25 20:06:34 | INFO     |  remove [answer_question_ratio                   ] DBCV=0.3788(-0.1216) floor=False dbcv/seed=['0.386', '0.190', '0.453', '0.374', '0.438', '0.412', '0.439', '0.348', '0.368', '0.380'] 1413.9s
2026-03-25 20:06:34 | INFO     |  [pipeline] entering GPU pipelined path (DBCV_WORKERS=10 DBCV_KNN_JOBS=4 n_seeds=10)
2026-03-25 20:30:14 | INFO     |  [pipeline] GPU serial time : 815.54s (81.55s/seed avg)
2026-03-25 20:30:14 | INFO     |  [pipeline] Wall time total : 1420.08s
2026-03-25 20:30:14 | INFO     |  [pipeline] shutdown waited : 604.54s (0s = all CPU done before GPU finished; >0s = CPU was bottleneck)
2026-03-25 20:30:14 | INFO     |  [pipeline] per-seed GPU    : ['78.10s', '80.04s', '79.96s', '79.17s', '79.90s', '80.18s', '78.59s', '80.57s', '83.96s', '95.06s']
2026-03-25 20:30:14 | INFO     |  [pipeline] overhead vs pure GPU serial: 604.54s (+74.1%)
2026-03-25 20:30:14 | INFO     |  remove [log_comment_count                       ] DBCV=0.3572(-0.1433) floor=False dbcv/seed=['0.363', '0.396', '0.373', '0.142', '0.367', '0.365', '0.369', '0.492', '0.318', '0.388'] 1420.1s
2026-03-25 20:30:14 | INFO     |  [pipeline] entering GPU pipelined path (DBCV_WORKERS=10 DBCV_KNN_JOBS=4 n_seeds=10)
2026-03-25 20:54:29 | INFO     |  [pipeline] GPU serial time : 844.39s (84.44s/seed avg)
2026-03-25 20:54:29 | INFO     |  [pipeline] Wall time total : 1454.84s
2026-03-25 20:54:29 | INFO     |  [pipeline] shutdown waited : 610.45s (0s = all CPU done before GPU finished; >0s = CPU was bottleneck)
2026-03-25 20:54:29 | INFO     |  [pipeline] per-seed GPU    : ['77.38s', '77.78s', '78.94s', '86.22s', '87.14s', '88.10s', '86.22s', '87.67s', '97.95s', '77.00s']
2026-03-25 20:54:29 | INFO     |  [pipeline] overhead vs pure GPU serial: 610.45s (+72.3%)
2026-03-25 20:54:29 | INFO     |  remove [mean_comment_score                      ] DBCV=0.3591(-0.1413) floor=False dbcv/seed=['0.306', '0.317', '0.306', '0.303', '0.373', '0.324', '0.316', '0.360', '0.320', '0.665'] 1454.9s
2026-03-25 20:54:29 | INFO     |  [pipeline] entering GPU pipelined path (DBCV_WORKERS=10 DBCV_KNN_JOBS=4 n_seeds=10)
2026-03-25 21:17:46 | INFO     |  [pipeline] GPU serial time : 803.51s (80.35s/seed avg)
2026-03-25 21:17:46 | INFO     |  [pipeline] Wall time total : 1397.32s
2026-03-25 21:17:46 | INFO     |  [pipeline] shutdown waited : 593.81s (0s = all CPU done before GPU finished; >0s = CPU was bottleneck)
2026-03-25 21:17:46 | INFO     |  [pipeline] per-seed GPU    : ['78.46s', '79.35s', '79.17s', '78.69s', '78.47s', '78.87s', '77.15s', '78.64s', '82.78s', '91.94s']
2026-03-25 21:17:46 | INFO     |  [pipeline] overhead vs pure GPU serial: 593.81s (+73.9%)
2026-03-25 21:17:46 | INFO     |  remove [comment_to_post_ratio                   ] DBCV=0.3510(-0.1495) floor=False dbcv/seed=['0.086', '0.398', '0.095', '0.372', '0.599', '0.517', '0.343', '0.052', '0.395', '0.652'] 1397.3s
2026-03-25 21:17:46 | INFO     |  [pipeline] entering GPU pipelined path (DBCV_WORKERS=10 DBCV_KNN_JOBS=4 n_seeds=10)
2026-03-25 21:42:10 | INFO     |  [pipeline] GPU serial time : 825.35s (82.54s/seed avg)
2026-03-25 21:42:10 | INFO     |  [pipeline] Wall time total : 1464.15s
2026-03-25 21:42:10 | INFO     |  [pipeline] shutdown waited : 638.79s (0s = all CPU done before GPU finished; >0s = CPU was bottleneck)
2026-03-25 21:42:10 | INFO     |  [pipeline] per-seed GPU    : ['78.16s', '82.71s', '80.04s', '81.24s', '79.69s', '80.24s', '80.44s', '78.83s', '83.69s', '100.31s']
2026-03-25 21:42:10 | INFO     |  [pipeline] overhead vs pure GPU serial: 638.80s (+77.4%)
2026-03-25 21:42:10 | INFO     |  remove [log_profile_views                       ] DBCV=0.2755(-0.2249) floor=False dbcv/seed=['0.621', '0.295', '0.090', '0.173', '0.500', '0.220', '0.244', '0.242', '0.233', '0.137'] 1464.2s
2026-03-25 21:42:10 | INFO     |  [pipeline] entering GPU pipelined path (DBCV_WORKERS=10 DBCV_KNN_JOBS=4 n_seeds=10)
2026-03-25 22:05:55 | INFO     |  [pipeline] GPU serial time : 817.54s (81.75s/seed avg)
2026-03-25 22:05:55 | INFO     |  [pipeline] Wall time total : 1425.10s
2026-03-25 22:05:55 | INFO     |  [pipeline] shutdown waited : 607.55s (0s = all CPU done before GPU finished; >0s = CPU was bottleneck)
2026-03-25 22:05:55 | INFO     |  [pipeline] per-seed GPU    : ['79.27s', '80.80s', '78.54s', '79.34s', '79.39s', '77.91s', '82.35s', '79.17s', '86.13s', '94.64s']
2026-03-25 22:05:55 | INFO     |  [pipeline] overhead vs pure GPU serial: 607.55s (+74.3%)
2026-03-25 22:05:55 | INFO     |  remove [log_total_votes_cast                    ] DBCV=0.3098(-0.1906) floor=False dbcv/seed=['0.404', '0.030', '0.044', '0.355', '0.414', '0.400', '0.077', '0.418', '0.482', '0.474'] 1425.1s
2026-03-25 22:05:55 | INFO     |  [pipeline] entering GPU pipelined path (DBCV_WORKERS=10 DBCV_KNN_JOBS=4 n_seeds=10)
2026-03-25 22:29:51 | INFO     |  [pipeline] GPU serial time : 801.76s (80.18s/seed avg)
2026-03-25 22:29:51 | INFO     |  [pipeline] Wall time total : 1435.41s
2026-03-25 22:29:51 | INFO     |  [pipeline] shutdown waited : 633.65s (0s = all CPU done before GPU finished; >0s = CPU was bottleneck)
2026-03-25 22:29:51 | INFO     |  [pipeline] per-seed GPU    : ['79.43s', '78.86s', '81.45s', '80.10s', '79.65s', '79.17s', '79.75s', '79.79s', '79.79s', '83.76s']
2026-03-25 22:29:51 | INFO     |  [pipeline] overhead vs pure GPU serial: 633.65s (+79.0%)
2026-03-25 22:29:51 | INFO     |  remove [tag_badge_score                         ] DBCV=0.4157(-0.0847) floor=False dbcv/seed=['0.394', '0.383', '0.408', '0.366', '0.640', '0.370', '0.407', '0.412', '0.391', '0.386'] 1435.4s
2026-03-25 22:29:51 | INFO     |  [pipeline] entering GPU pipelined path (DBCV_WORKERS=10 DBCV_KNN_JOBS=4 n_seeds=10)
2026-03-25 22:53:18 | INFO     |  [pipeline] GPU serial time : 811.24s (81.12s/seed avg)
2026-03-25 22:53:18 | INFO     |  [pipeline] Wall time total : 1406.87s
2026-03-25 22:53:18 | INFO     |  [pipeline] shutdown waited : 595.63s (0s = all CPU done before GPU finished; >0s = CPU was bottleneck)
2026-03-25 22:53:18 | INFO     |  [pipeline] per-seed GPU    : ['77.60s', '80.43s', '80.63s', '77.71s', '78.74s', '79.50s', '77.82s', '79.11s', '99.95s', '79.75s']
2026-03-25 22:53:18 | INFO     |  [pipeline] overhead vs pure GPU serial: 595.63s (+73.4%)
2026-03-25 22:53:18 | INFO     |  remove [weekly_activity_regularity              ] DBCV=0.3977(-0.1027) floor=False dbcv/seed=['0.550', '0.327', '0.386', '0.335', '0.384', '0.410', '0.367', '0.424', '0.388', '0.407'] 1406.9s
2026-03-25 22:53:18 | INFO     |  [pipeline] entering GPU pipelined path (DBCV_WORKERS=10 DBCV_KNN_JOBS=4 n_seeds=10)
2026-03-25 23:16:54 | INFO     |  [pipeline] GPU serial time : 800.99s (80.10s/seed avg)
2026-03-25 23:16:54 | INFO     |  [pipeline] Wall time total : 1416.34s
2026-03-25 23:16:54 | INFO     |  [pipeline] shutdown waited : 615.35s (0s = all CPU done before GPU finished; >0s = CPU was bottleneck)
2026-03-25 23:16:54 | INFO     |  [pipeline] per-seed GPU    : ['81.01s', '78.50s', '79.41s', '78.62s', '80.84s', '79.03s', '79.85s', '80.07s', '79.04s', '84.62s']
2026-03-25 23:16:54 | INFO     |  [pipeline] overhead vs pure GPU serial: 615.35s (+76.8%)
2026-03-25 23:16:54 | INFO     |  remove [activity_span_days                      ] DBCV=0.3678(-0.1326) floor=False dbcv/seed=['0.416', '0.058', '0.459', '0.345', '0.365', '0.400', '0.408', '0.415', '0.385', '0.427'] 1416.4s
2026-03-25 23:16:54 | INFO     |  [pipeline] entering GPU pipelined path (DBCV_WORKERS=10 DBCV_KNN_JOBS=4 n_seeds=10)
2026-03-25 23:40:31 | INFO     |  [pipeline] GPU serial time : 811.40s (81.14s/seed avg)
2026-03-25 23:40:31 | INFO     |  [pipeline] Wall time total : 1417.49s
2026-03-25 23:40:31 | INFO     |  [pipeline] shutdown waited : 606.10s (0s = all CPU done before GPU finished; >0s = CPU was bottleneck)
2026-03-25 23:40:31 | INFO     |  [pipeline] per-seed GPU    : ['78.53s', '79.12s', '79.50s', '77.83s', '79.35s', '79.14s', '80.42s', '78.42s', '99.98s', '79.09s']
2026-03-25 23:40:31 | INFO     |  [pipeline] overhead vs pure GPU serial: 606.10s (+74.7%)
2026-03-25 23:40:31 | INFO     |  remove [tag_entropy                             ] DBCV=0.3868(-0.1136) floor=False dbcv/seed=['0.282', '0.393', '0.315', '0.434', '0.413', '0.375', '0.480', '0.381', '0.394', '0.401'] 1417.5s
2026-03-25 23:40:31 | INFO     |  [pipeline] entering GPU pipelined path (DBCV_WORKERS=10 DBCV_KNN_JOBS=4 n_seeds=10)
2026-03-26 00:03:41 | INFO     |  [pipeline] GPU serial time : 807.51s (80.75s/seed avg)
2026-03-26 00:03:41 | INFO     |  [pipeline] Wall time total : 1389.50s
2026-03-26 00:03:41 | INFO     |  [pipeline] shutdown waited : 581.99s (0s = all CPU done before GPU finished; >0s = CPU was bottleneck)
2026-03-26 00:03:41 | INFO     |  [pipeline] per-seed GPU    : ['78.70s', '80.59s', '77.73s', '80.44s', '76.61s', '78.98s', '78.44s', '78.43s', '98.91s', '78.66s']
2026-03-26 00:03:41 | INFO     |  [pipeline] overhead vs pure GPU serial: 581.99s (+72.1%)
2026-03-26 00:03:41 | INFO     |  remove [top_tag_concentration                   ] DBCV=0.3538(-0.1466) floor=False dbcv/seed=['0.211', '0.398', '0.186', '0.322', '0.404', '0.475', '0.385', '0.442', '0.408', '0.307'] 1389.5s
2026-03-26 00:03:41 | INFO     |  ✗ No candidate strictly improved DBCV (best candidate=0.4157 ≤ current best=0.5004) — stopping. round=27103.4s
2026-03-26 00:03:41 | INFO     |  Final feature set (19): ['log_answer_count', 'log_total_ans_score', 'ans_score_std', 'answer_acceptance_rate', 'log_question_count', 'mean_question_score', 'log_question_views', 'mean_answers_per_q', 'answer_question_ratio', 'log_comment_count', 'mean_comment_score', 'comment_to_post_ratio', 'log_profile_views', 'log_total_votes_cast', 'tag_badge_score', 'weekly_activity_regularity', 'activity_span_days', 'tag_entropy', 'top_tag_concentration']
2026-03-26 00:03:41 | INFO     | ============================================================
2026-03-26 00:03:41 | INFO     |  STEP 5 — Best-Seed Final Run + Stability Audit
2026-03-26 00:03:41 | INFO     | ============================================================
2026-03-26 00:03:41 | INFO     | ============================================================
2026-03-26 00:03:41 | INFO     |  STEP 5a — Best-Seed Selection (DBCV + Silhouette per seed)
2026-03-26 00:03:41 | INFO     | ============================================================
2026-03-26 00:03:41 | INFO     |  Best-seed selection: running 20 seeds — [42, 7, 123, 99, 17, 2025, 314, 888, 1337, 0, 501, 256, 77, 13, 999, 4242, 31415, 271, 1024, 2718]
2026-03-26 00:07:48 | INFO     |  seed=    42  DBCV=0.6297  Sil=0.5593
2026-03-26 00:07:48 | INFO     |            clusters=11  noise=122,715
2026-03-26 00:11:40 | INFO     |  seed=     7  DBCV=0.3858  Sil=0.5493
2026-03-26 00:11:40 | INFO     |            clusters=9  noise=112,793
2026-03-26 00:15:30 | INFO     |  seed=   123  DBCV=0.4488  Sil=0.5482
2026-03-26 00:15:30 | INFO     |            clusters=12  noise=120,125
2026-03-26 00:19:19 | INFO     |  seed=    99  DBCV=0.4400  Sil=0.5472
2026-03-26 00:19:19 | INFO     |            clusters=10  noise=117,543
2026-03-26 00:23:09 | INFO     |  seed=    17  DBCV=0.4155  Sil=0.4962
2026-03-26 00:23:09 | INFO     |            clusters=10  noise=70,127
2026-03-26 00:27:05 | INFO     |  seed=  2025  DBCV=0.4372  Sil=0.5559
2026-03-26 00:27:05 | INFO     |            clusters=12  noise=127,735
2026-03-26 00:30:56 | INFO     |  seed=   314  DBCV=0.4257  Sil=0.5549
2026-03-26 00:30:56 | INFO     |            clusters=12  noise=108,522
2026-03-26 00:34:48 | INFO     |  seed=   888  DBCV=0.4009  Sil=0.5877
2026-03-26 00:34:48 | INFO     |            clusters=8  noise=179,395
2026-03-26 00:38:42 | INFO     |  seed=  1337  DBCV=0.4417  Sil=0.5362
2026-03-26 00:38:42 | INFO     |            clusters=11  noise=108,695
2026-03-26 00:42:32 | INFO     |  seed=     0  DBCV=0.4118  Sil=0.5307
2026-03-26 00:42:32 | INFO     |            clusters=10  noise=100,840
2026-03-26 00:46:23 | INFO     |  seed=   501  DBCV=0.5136  Sil=0.5043
2026-03-26 00:46:23 | INFO     |            clusters=10  noise=65,153
2026-03-26 00:50:13 | INFO     |  seed=   256  DBCV=0.4527  Sil=0.5698
2026-03-26 00:50:13 | INFO     |            clusters=11  noise=130,260
2026-03-26 00:54:04 | INFO     |  seed=    77  DBCV=0.4036  Sil=0.5276
2026-03-26 00:54:04 | INFO     |            clusters=8  noise=106,309
2026-03-26 00:58:00 | INFO     |  seed=    13  DBCV=0.4363  Sil=0.5381
2026-03-26 00:58:00 | INFO     |            clusters=8  noise=113,060
2026-03-26 01:01:48 | INFO     |  seed=   999  DBCV=0.4172  Sil=0.5368
2026-03-26 01:01:48 | INFO     |            clusters=10  noise=118,304
2026-03-26 01:05:38 | INFO     |  seed=  4242  DBCV=0.4305  Sil=0.5164
2026-03-26 01:05:38 | INFO     |            clusters=8  noise=92,232
2026-03-26 01:09:33 | INFO     |  seed= 31415  DBCV=0.4113  Sil=0.5444
2026-03-26 01:09:33 | INFO     |            clusters=13  noise=106,880
2026-03-26 01:13:26 | INFO     |  seed=   271  DBCV=0.4974  Sil=0.5106
2026-03-26 01:13:26 | INFO     |            clusters=9  noise=82,273
2026-03-26 01:17:25 | INFO     |  seed=  1024  DBCV=0.4288  Sil=0.5598
2026-03-26 01:17:25 | INFO     |            clusters=11  noise=131,571
2026-03-26 01:21:17 | INFO     |  seed=  2718  DBCV=0.4137  Sil=0.5706
2026-03-26 01:21:17 | INFO     |            clusters=10  noise=131,622
2026-03-26 01:21:17 | INFO     |  DBCV + Silhouette distribution across 20 seeds:
2026-03-26 01:21:17 | INFO     |    # 1  seed=    42  DBCV=0.6297  Sil=0.5593 ← SELECTED
2026-03-26 01:21:17 | INFO     |    # 2  seed=   501  DBCV=0.5136  Sil=0.5043
2026-03-26 01:21:17 | INFO     |    # 3  seed=   271  DBCV=0.4974  Sil=0.5106
2026-03-26 01:21:17 | INFO     |    # 4  seed=   256  DBCV=0.4527  Sil=0.5698
2026-03-26 01:21:17 | INFO     |    # 5  seed=   123  DBCV=0.4488  Sil=0.5482
2026-03-26 01:21:17 | INFO     |    # 6  seed=  1337  DBCV=0.4417  Sil=0.5362
2026-03-26 01:21:17 | INFO     |    # 7  seed=    99  DBCV=0.4400  Sil=0.5472
2026-03-26 01:21:17 | INFO     |    # 8  seed=  2025  DBCV=0.4372  Sil=0.5559
2026-03-26 01:21:17 | INFO     |    # 9  seed=    13  DBCV=0.4363  Sil=0.5381
2026-03-26 01:21:17 | INFO     |    #10  seed=  4242  DBCV=0.4305  Sil=0.5164
2026-03-26 01:21:17 | INFO     |    #11  seed=  1024  DBCV=0.4288  Sil=0.5598
2026-03-26 01:21:17 | INFO     |    #12  seed=   314  DBCV=0.4257  Sil=0.5549
2026-03-26 01:21:17 | INFO     |    #13  seed=   999  DBCV=0.4172  Sil=0.5368
2026-03-26 01:21:17 | INFO     |    #14  seed=    17  DBCV=0.4155  Sil=0.4962
2026-03-26 01:21:17 | INFO     |    #15  seed=  2718  DBCV=0.4137  Sil=0.5706
2026-03-26 01:21:17 | INFO     |    #16  seed=     0  DBCV=0.4118  Sil=0.5307
2026-03-26 01:21:17 | INFO     |    #17  seed= 31415  DBCV=0.4113  Sil=0.5444
2026-03-26 01:21:17 | INFO     |    #18  seed=    77  DBCV=0.4036  Sil=0.5276
2026-03-26 01:21:17 | INFO     |    #19  seed=   888  DBCV=0.4009  Sil=0.5877
2026-03-26 01:21:17 | INFO     |    #20  seed=     7  DBCV=0.3858  Sil=0.5493
2026-03-26 01:21:17 | INFO     |  DBCV  range : 0.3858 – 0.6297  spread=0.2440  mean=0.4421  std=0.0522
2026-03-26 01:21:17 | INFO     |  Sil   range : 0.4962 – 0.5877  mean=0.5422  std=0.0227
2026-03-26 01:21:17 | INFO     |  Exporting run from seed=42 (DBCV=0.6297  Sil=0.5593)
2026-03-26 01:21:17 | INFO     |  ✓ best-seed selection (20 seeds) done in 4656.0s
2026-03-26 01:21:17 | INFO     |  Exported run : seed=42  DBCV=0.6297  Sil=0.5593
2026-03-26 01:21:17 | INFO     |  Clusters     : 11 | Noise: 122,715 (12.3%)
2026-03-26 01:21:17 | INFO     | ============================================================
2026-03-26 01:21:17 | INFO     |  STEP 5b — Stability Audit
2026-03-26 01:21:17 | INFO     | ============================================================
2026-03-26 01:21:17 | INFO     |  Reusing 20 pre-computed runs from Step 5a
2026-03-26 01:21:17 | INFO     |  [FINAL] Stability audit: reusing 20 pre-computed runs
2026-03-26 01:21:17 | INFO     |  [FINAL] (no additional UMAP runs needed — seeds match FINAL_SEEDS)
2026-03-26 01:21:46 | INFO     |  [FINAL] Stability (pairwise ARI, 20 seeds):
2026-03-26 01:21:46 | INFO     |  [FINAL]   mean ARI : 0.9722 min=0.9087 std=0.0192
2026-03-26 01:21:46 | INFO     |  [FINAL]   mean DBCV: 0.4421 per-seed=['0.6297', '0.3858', '0.4488', '0.4400', '0.4155', '0.4372', '0.4257', '0.4009', '0.4417', '0.4118', '0.5136', '0.4527', '0.4036', '0.4363', '0.4172', '0.4305', '0.4113', '0.4974', '0.4288', '0.4137']
2026-03-26 01:21:46 | INFO     |  [FINAL]   clusters per seed : [11, 9, 12, 10, 10, 12, 12, 8, 11, 10, 10, 11, 8, 8, 10, 8, 13, 9, 11, 10]
2026-03-26 01:21:46 | INFO     |  [FINAL]   noise % per seed  : ['12.3', '11.3', '12.0', '11.8', '7.0', '12.8', '10.9', '17.9', '10.9', '10.1', '6.5', '13.0', '10.6', '11.3', '11.8', '9.2', '10.7', '8.2', '13.2', '13.2']
2026-03-26 01:21:46 | INFO     |  [FINAL]   pairwise ARIs     : ['0.9525', '0.9703', '0.9880', '0.9885', '0.9763', '0.9989', '0.9768', '0.9764', '0.9916', '0.9873', '0.9990', '0.9518', '0.9580', '0.9786', '0.9448', '0.9718', '0.9847', '0.9772', '0.9978', '0.9498', '0.9590', '0.9713', '0.9661', '0.9623', '0.9767', '0.9594', '0.9636', '0.9524', '0.9509', '0.9923', '0.9921', '0.9545', '0.9439', '0.9378', '0.9750', '0.9523', '0.9499', '0.9773', '0.9767', '0.9975', '0.9785', '0.9977', '0.9878', '0.9780', '0.9696', '0.9704', '0.9494', '0.9559', '0.9978', '0.9108', '0.9904', '0.9613', '0.9976', '0.9693', '0.9872', '0.9783', '0.9969', '0.9786', '0.9694', '0.9898', '0.9762', '0.9878', '0.9624', '0.9717', '0.9769', '0.9371', '0.9616', '0.9770', '0.9744', '0.9901', '0.9755', '0.9884', '0.9773', '0.9703', '0.9808', '0.9824', '0.9890', '0.9721', '0.9593', '0.9682', '0.9231', '0.9688', '0.9787', '0.9672', '0.9872', '0.9765', '0.9992', '0.9975', '0.9762', '0.9776', '0.9766', '0.9647', '0.9658', '0.9966', '0.9495', '0.9969', '0.9779', '0.9986', '0.9785', '0.9772', '0.9763', '0.9921', '0.9777', '0.9988', '0.9642', '0.9440', '0.9786', '0.9304', '0.9719', '0.9705', '0.9777', '0.9972', '0.9992', '0.9769', '0.9784', '0.9771', '0.9787', '0.9785', '0.9978', '0.9522', '0.9976', '0.9782', '0.9993', '0.9784', '0.9740', '0.9781', '0.9768', '0.9585', '0.9707', '0.9925', '0.9382', '0.9963', '0.9772', '0.9986', '0.9783', '0.9782', '0.9988', '0.9647', '0.9638', '0.9791', '0.9209', '0.9781', '0.9757', '0.9769', '0.9973', '0.9859', '0.9578', '0.9648', '0.9662', '0.9317', '0.9644', '0.9857', '0.9696', '0.9874', '0.9515', '0.9699', '0.9790', '0.9487', '0.9786', '0.9823', '0.9772', '0.9978', '0.9993', '0.9529', '0.9510', '0.9288', '0.9763', '0.9487', '0.9530', '0.9520', '0.9597', '0.9424', '0.9856', '0.9372', '0.9711', '0.9114', '0.9974', '0.9672', '0.9962', '0.9773', '0.9247', '0.9563', '0.9087', '0.9437', '0.9703', '0.9970', '0.9777', '0.9642', '0.9842', '0.9789']
2026-03-26 01:21:46 | INFO     |  [FINAL]   Verdict: STABLE (mean ARI ≥ 0.80)
2026-03-26 01:21:46 | INFO     |  ✓ stability audit done in 28.7s
2026-03-26 01:22:12 | INFO     |  Saved step5_stability_heatmap.png
2026-03-26 01:22:12 | INFO     | ============================================================
2026-03-26 01:22:12 | INFO     |  STEP 6 — Final Silhouette (winning run)
2026-03-26 01:22:12 | INFO     | ============================================================
2026-03-26 01:22:12 | INFO     |  Silhouette (seed=42): 0.5593
2026-03-26 01:22:12 | INFO     | ============================================================
2026-03-26 01:22:12 | INFO     |  FINAL RESULTS
2026-03-26 01:22:12 | INFO     | ============================================================
2026-03-26 01:22:12 | INFO     |  DBCV              : 0.6297
2026-03-26 01:22:12 | INFO     |  Silhouette        : 0.5593
2026-03-26 01:22:12 | INFO     |  Stability ARI     : mean=0.9722 min=0.9087 std=0.0192
2026-03-26 01:22:12 | INFO     |  Stability verdict : STABLE (mean ARI ≥ 0.80)
2026-03-26 01:22:12 | INFO     |  Clusters          : 11
2026-03-26 01:22:12 | INFO     |  Noise users       : 122,715 (12.3%)
2026-03-26 01:22:12 | INFO     |  Features (19)      : ['log_answer_count', 'log_total_ans_score', 'ans_score_std', 'answer_acceptance_rate', 'log_question_count', 'mean_question_score', 'log_question_views', 'mean_answers_per_q', 'answer_question_ratio', 'log_comment_count', 'mean_comment_score', 'comment_to_post_ratio', 'log_profile_views', 'log_total_votes_cast', 'tag_badge_score', 'weekly_activity_regularity', 'activity_span_days', 'tag_entropy', 'top_tag_concentration']
2026-03-26 01:22:12 | INFO     |  GPU used          : True
2026-03-26 01:22:12 | INFO     |  Winning seed      : 42 (of 20 tried)
2026-03-26 01:22:12 | INFO     |  DBCV range        : 0.3858 – 0.6297
2026-03-26 01:22:12 | INFO     |  DBCV std          : 0.0522
2026-03-26 01:22:12 | INFO     |  Sil  range        : 0.4962 – 0.5877
2026-03-26 01:22:12 | INFO     |  Sil  std          : 0.0227
2026-03-26 01:22:13 | INFO     |  Saved step4_dbcv_history.png
2026-03-26 01:22:13 | INFO     |  Saved step5a_seed_scores.png
2026-03-26 01:22:14 | INFO     |  Saved cluster_profiles.csv
2026-03-26 01:22:14 | INFO     |  Cluster 0 medians:
2026-03-26 01:22:14 | INFO     |    log_answer_count                         +0.6931
2026-03-26 01:22:14 | INFO     |    log_total_ans_score                      +0.0000
2026-03-26 01:22:14 | INFO     |    ans_score_std                            +0.0000
2026-03-26 01:22:14 | INFO     |    answer_acceptance_rate                   +0.0000
2026-03-26 01:22:14 | INFO     |    log_question_count                       +0.0000
2026-03-26 01:22:14 | INFO     |    mean_question_score                      +0.0000
2026-03-26 01:22:14 | INFO     |    log_question_views                       +0.0000
2026-03-26 01:22:14 | INFO     |    mean_answers_per_q                       +0.0000
2026-03-26 01:22:14 | INFO     |    answer_question_ratio                    +0.5000
2026-03-26 01:22:14 | INFO     |    log_comment_count                        +0.0000
2026-03-26 01:22:14 | INFO     |    mean_comment_score                       +0.0000
2026-03-26 01:22:14 | INFO     |    comment_to_post_ratio                    +0.0000
2026-03-26 01:22:14 | INFO     |    log_profile_views                        +1.0986
2026-03-26 01:22:14 | INFO     |    log_total_votes_cast                     +0.0000
2026-03-26 01:22:14 | INFO     |    tag_badge_score                          +0.0000
2026-03-26 01:22:14 | INFO     |    weekly_activity_regularity               +1.0000
2026-03-26 01:22:14 | INFO     |    activity_span_days                       +0.0000
2026-03-26 01:22:14 | INFO     |    tag_entropy                              +1.5850
2026-03-26 01:22:14 | INFO     |    top_tag_concentration                    +0.3333
2026-03-26 01:22:14 | INFO     |  Cluster 1 medians:
2026-03-26 01:22:14 | INFO     |    log_answer_count                         +0.0000
2026-03-26 01:22:14 | INFO     |    log_total_ans_score                      +0.0000
2026-03-26 01:22:14 | INFO     |    ans_score_std                            +0.0000
2026-03-26 01:22:14 | INFO     |    answer_acceptance_rate                   +0.0000
2026-03-26 01:22:14 | INFO     |    log_question_count                       +0.6931
2026-03-26 01:22:14 | INFO     |    mean_question_score                      +0.0000
2026-03-26 01:22:14 | INFO     |    log_question_views                       +5.1818
2026-03-26 01:22:14 | INFO     |    mean_answers_per_q                       +0.6931
2026-03-26 01:22:14 | INFO     |    answer_question_ratio                    +0.0000
2026-03-26 01:22:14 | INFO     |    log_comment_count                        +0.0000
2026-03-26 01:22:14 | INFO     |    mean_comment_score                       +0.0000
2026-03-26 01:22:14 | INFO     |    comment_to_post_ratio                    +0.0000
2026-03-26 01:22:14 | INFO     |    log_profile_views                        +1.6094
2026-03-26 01:22:14 | INFO     |    log_total_votes_cast                     +0.0000
2026-03-26 01:22:14 | INFO     |    tag_badge_score                          +0.0000
2026-03-26 01:22:14 | INFO     |    weekly_activity_regularity               +1.0000
2026-03-26 01:22:14 | INFO     |    activity_span_days                       +0.0000
2026-03-26 01:22:14 | INFO     |    tag_entropy                              +2.0000
2026-03-26 01:22:14 | INFO     |    top_tag_concentration                    +0.2500
2026-03-26 01:22:14 | INFO     |  Cluster 2 medians:
2026-03-26 01:22:14 | INFO     |    log_answer_count                         +0.0000
2026-03-26 01:22:14 | INFO     |    log_total_ans_score                      +0.0000
2026-03-26 01:22:14 | INFO     |    ans_score_std                            +0.0000
2026-03-26 01:22:14 | INFO     |    answer_acceptance_rate                   +0.0000
2026-03-26 01:22:14 | INFO     |    log_question_count                       +0.6931
2026-03-26 01:22:14 | INFO     |    mean_question_score                      +0.0000
2026-03-26 01:22:14 | INFO     |    log_question_views                       +4.1589
2026-03-26 01:22:14 | INFO     |    mean_answers_per_q                       +0.0000
2026-03-26 01:22:14 | INFO     |    answer_question_ratio                    +0.0000
2026-03-26 01:22:14 | INFO     |    log_comment_count                        +0.6931
2026-03-26 01:22:14 | INFO     |    mean_comment_score                       +0.0000
2026-03-26 01:22:14 | INFO     |    comment_to_post_ratio                    +0.6931
2026-03-26 01:22:14 | INFO     |    log_profile_views                        +1.3863
2026-03-26 01:22:14 | INFO     |    log_total_votes_cast                     +0.0000
2026-03-26 01:22:14 | INFO     |    tag_badge_score                          +0.0000
2026-03-26 01:22:14 | INFO     |    weekly_activity_regularity               +1.0000
2026-03-26 01:22:14 | INFO     |    activity_span_days                       +0.3131
2026-03-26 01:22:14 | INFO     |    tag_entropy                              +0.0000
2026-03-26 01:22:14 | INFO     |    top_tag_concentration                    +0.5000
2026-03-26 01:22:14 | INFO     |  Cluster 3 medians:
2026-03-26 01:22:14 | INFO     |    log_answer_count                         +0.0000
2026-03-26 01:22:14 | INFO     |    log_total_ans_score                      +0.0000
2026-03-26 01:22:14 | INFO     |    ans_score_std                            +0.0000
2026-03-26 01:22:14 | INFO     |    answer_acceptance_rate                   +0.0000
2026-03-26 01:22:14 | INFO     |    log_question_count                       +0.6931
2026-03-26 01:22:14 | INFO     |    mean_question_score                      +0.6931
2026-03-26 01:22:14 | INFO     |    log_question_views                       +5.3799
2026-03-26 01:22:14 | INFO     |    mean_answers_per_q                       +0.0000
2026-03-26 01:22:14 | INFO     |    answer_question_ratio                    +0.0000
2026-03-26 01:22:14 | INFO     |    log_comment_count                        +0.0000
2026-03-26 01:22:14 | INFO     |    mean_comment_score                       +0.0000
2026-03-26 01:22:14 | INFO     |    comment_to_post_ratio                    +0.0000
2026-03-26 01:22:14 | INFO     |    log_profile_views                        +1.3863
2026-03-26 01:22:14 | INFO     |    log_total_votes_cast                     +0.0000
2026-03-26 01:22:14 | INFO     |    tag_badge_score                          +0.0000
2026-03-26 01:22:14 | INFO     |    weekly_activity_regularity               +1.0000
2026-03-26 01:22:14 | INFO     |    activity_span_days                       +0.0000
2026-03-26 01:22:14 | INFO     |    tag_entropy                              +2.0000
2026-03-26 01:22:14 | INFO     |    top_tag_concentration                    +0.2500
2026-03-26 01:22:14 | INFO     |  Cluster 4 medians:
2026-03-26 01:22:14 | INFO     |    log_answer_count                         +2.1972
2026-03-26 01:22:14 | INFO     |    log_total_ans_score                      +2.3979
2026-03-26 01:22:14 | INFO     |    ans_score_std                            +0.9317
2026-03-26 01:22:14 | INFO     |    answer_acceptance_rate                   +0.1667
2026-03-26 01:22:14 | INFO     |    log_question_count                       +2.0794
2026-03-26 01:22:14 | INFO     |    mean_question_score                      +0.6931
2026-03-26 01:22:14 | INFO     |    log_question_views                       +9.1355
2026-03-26 01:22:14 | INFO     |    mean_answers_per_q                       +0.8109
2026-03-26 01:22:14 | INFO     |    answer_question_ratio                    +0.5000
2026-03-26 01:22:14 | INFO     |    log_comment_count                        +3.0910
2026-03-26 01:22:14 | INFO     |    mean_comment_score                       +0.1206
2026-03-26 01:22:14 | INFO     |    comment_to_post_ratio                    +0.7167
2026-03-26 01:22:14 | INFO     |    log_profile_views                        +4.1589
2026-03-26 01:22:14 | INFO     |    log_total_votes_cast                     +3.7612
2026-03-26 01:22:14 | INFO     |    tag_badge_score                          +0.0000
2026-03-26 01:22:14 | INFO     |    weekly_activity_regularity               +0.0573
2026-03-26 01:22:14 | INFO     |    activity_span_days                       +7.8355
2026-03-26 01:22:14 | INFO     |    tag_entropy                              +4.2621
2026-03-26 01:22:14 | INFO     |    top_tag_concentration                    +0.1667
2026-03-26 01:22:14 | INFO     |  Cluster 5 medians:
2026-03-26 01:22:14 | INFO     |    log_answer_count                         +0.0000
2026-03-26 01:22:14 | INFO     |    log_total_ans_score                      +0.0000
2026-03-26 01:22:14 | INFO     |    ans_score_std                            +0.0000
2026-03-26 01:22:14 | INFO     |    answer_acceptance_rate                   +0.0000
2026-03-26 01:22:14 | INFO     |    log_question_count                       +0.6931
2026-03-26 01:22:14 | INFO     |    mean_question_score                      +0.0000
2026-03-26 01:22:14 | INFO     |    log_question_views                       +5.5134
2026-03-26 01:22:14 | INFO     |    mean_answers_per_q                       +0.6931
2026-03-26 01:22:14 | INFO     |    answer_question_ratio                    +0.0000
2026-03-26 01:22:14 | INFO     |    log_comment_count                        +1.0986
2026-03-26 01:22:14 | INFO     |    mean_comment_score                       +0.0000
2026-03-26 01:22:14 | INFO     |    comment_to_post_ratio                    +1.0986
2026-03-26 01:22:14 | INFO     |    log_profile_views                        +1.6094
2026-03-26 01:22:14 | INFO     |    log_total_votes_cast                     +0.0000
2026-03-26 01:22:14 | INFO     |    tag_badge_score                          +0.0000
2026-03-26 01:22:14 | INFO     |    weekly_activity_regularity               +1.0000
2026-03-26 01:22:14 | INFO     |    activity_span_days                       +0.2220
2026-03-26 01:22:14 | INFO     |    tag_entropy                              +1.5850
2026-03-26 01:22:14 | INFO     |    top_tag_concentration                    +0.3333
2026-03-26 01:22:14 | INFO     |  Cluster 6 medians:
2026-03-26 01:22:14 | INFO     |    log_answer_count                         +0.0000
2026-03-26 01:22:14 | INFO     |    log_total_ans_score                      +0.0000
2026-03-26 01:22:14 | INFO     |    ans_score_std                            +0.0000
2026-03-26 01:22:14 | INFO     |    answer_acceptance_rate                   +0.0000
2026-03-26 01:22:14 | INFO     |    log_question_count                       +1.0986
2026-03-26 01:22:14 | INFO     |    mean_question_score                      +0.3185
2026-03-26 01:22:14 | INFO     |    log_question_views                       +7.1778
2026-03-26 01:22:14 | INFO     |    mean_answers_per_q                       +0.6931
2026-03-26 01:22:14 | INFO     |    answer_question_ratio                    +0.0000
2026-03-26 01:22:14 | INFO     |    log_comment_count                        +1.0986
2026-03-26 01:22:14 | INFO     |    mean_comment_score                       +0.0000
2026-03-26 01:22:14 | INFO     |    comment_to_post_ratio                    +0.6931
2026-03-26 01:22:14 | INFO     |    log_profile_views                        +2.3026
2026-03-26 01:22:14 | INFO     |    log_total_votes_cast                     +0.0000
2026-03-26 01:22:14 | INFO     |    tag_badge_score                          +0.0000
2026-03-26 01:22:14 | INFO     |    weekly_activity_regularity               +0.0887
2026-03-26 01:22:14 | INFO     |    activity_span_days                       +5.7391
2026-03-26 01:22:14 | INFO     |    tag_entropy                              +2.5216
2026-03-26 01:22:14 | INFO     |    top_tag_concentration                    +0.2500
2026-03-26 01:22:14 | INFO     |  Cluster 7 medians:
2026-03-26 01:22:14 | INFO     |    log_answer_count                         +1.3863
2026-03-26 01:22:14 | INFO     |    log_total_ans_score                      +1.3863
2026-03-26 01:22:14 | INFO     |    ans_score_std                            +0.7677
2026-03-26 01:22:14 | INFO     |    answer_acceptance_rate                   +0.0000
2026-03-26 01:22:14 | INFO     |    log_question_count                       +0.0000
2026-03-26 01:22:14 | INFO     |    mean_question_score                      +0.0000
2026-03-26 01:22:14 | INFO     |    log_question_views                       +0.0000
2026-03-26 01:22:14 | INFO     |    mean_answers_per_q                       +0.0000
2026-03-26 01:22:14 | INFO     |    answer_question_ratio                    +0.7500
2026-03-26 01:22:14 | INFO     |    log_comment_count                        +0.0000
2026-03-26 01:22:14 | INFO     |    mean_comment_score                       +0.0000
2026-03-26 01:22:14 | INFO     |    comment_to_post_ratio                    +0.0000
2026-03-26 01:22:14 | INFO     |    log_profile_views                        +2.3026
2026-03-26 01:22:14 | INFO     |    log_total_votes_cast                     +0.6931
2026-03-26 01:22:14 | INFO     |    tag_badge_score                          +0.0000
2026-03-26 01:22:14 | INFO     |    weekly_activity_regularity               +0.0383
2026-03-26 01:22:14 | INFO     |    activity_span_days                       +6.5454
2026-03-26 01:22:14 | INFO     |    tag_entropy                              +2.3219
2026-03-26 01:22:14 | INFO     |    top_tag_concentration                    +0.2500
2026-03-26 01:22:14 | INFO     |  Cluster 8 medians:
2026-03-26 01:22:14 | INFO     |    log_answer_count                         +1.0986
2026-03-26 01:22:14 | INFO     |    log_total_ans_score                      +0.0000
2026-03-26 01:22:14 | INFO     |    ans_score_std                            +0.0000
2026-03-26 01:22:14 | INFO     |    answer_acceptance_rate                   +0.0000
2026-03-26 01:22:14 | INFO     |    log_question_count                       +0.0000
2026-03-26 01:22:14 | INFO     |    mean_question_score                      +0.0000
2026-03-26 01:22:14 | INFO     |    log_question_views                       +0.0000
2026-03-26 01:22:14 | INFO     |    mean_answers_per_q                       +0.0000
2026-03-26 01:22:14 | INFO     |    answer_question_ratio                    +0.6667
2026-03-26 01:22:14 | INFO     |    log_comment_count                        +0.0000
2026-03-26 01:22:14 | INFO     |    mean_comment_score                       +0.0000
2026-03-26 01:22:14 | INFO     |    comment_to_post_ratio                    +0.0000
2026-03-26 01:22:14 | INFO     |    log_profile_views                        +1.7918
2026-03-26 01:22:14 | INFO     |    log_total_votes_cast                     +0.0000
2026-03-26 01:22:14 | INFO     |    tag_badge_score                          +0.0000
2026-03-26 01:22:14 | INFO     |    weekly_activity_regularity               +1.0000
2026-03-26 01:22:14 | INFO     |    activity_span_days                       +1.5325
2026-03-26 01:22:14 | INFO     |    tag_entropy                              +2.0000
2026-03-26 01:22:14 | INFO     |    top_tag_concentration                    +0.2500
2026-03-26 01:22:14 | INFO     |  Cluster 9 medians:
2026-03-26 01:22:14 | INFO     |    log_answer_count                         +2.7081
2026-03-26 01:22:14 | INFO     |    log_total_ans_score                      +3.2581
2026-03-26 01:22:14 | INFO     |    ans_score_std                            +1.1841
2026-03-26 01:22:14 | INFO     |    answer_acceptance_rate                   +0.1111
2026-03-26 01:22:14 | INFO     |    log_question_count                       +0.0000
2026-03-26 01:22:14 | INFO     |    mean_question_score                      +0.0000
2026-03-26 01:22:14 | INFO     |    log_question_views                       +0.0000
2026-03-26 01:22:14 | INFO     |    mean_answers_per_q                       +0.0000
2026-03-26 01:22:14 | INFO     |    answer_question_ratio                    +0.9286
2026-03-26 01:22:14 | INFO     |    log_comment_count                        +2.5649
2026-03-26 01:22:14 | INFO     |    mean_comment_score                       +0.3037
2026-03-26 01:22:14 | INFO     |    comment_to_post_ratio                    +0.6479
2026-03-26 01:22:14 | INFO     |    log_profile_views                        +3.9512
2026-03-26 01:22:14 | INFO     |    log_total_votes_cast                     +3.6109
2026-03-26 01:22:14 | INFO     |    tag_badge_score                          +0.0000
2026-03-26 01:22:14 | INFO     |    weekly_activity_regularity               +0.0526
2026-03-26 01:22:14 | INFO     |    activity_span_days                       +7.5948
2026-03-26 01:22:14 | INFO     |    tag_entropy                              +3.5304
2026-03-26 01:22:14 | INFO     |    top_tag_concentration                    +0.2222
2026-03-26 01:22:14 | INFO     |  Cluster 10 medians:
2026-03-26 01:22:14 | INFO     |    log_answer_count                         +1.7918
2026-03-26 01:22:14 | INFO     |    log_total_ans_score                      +1.6094
2026-03-26 01:22:14 | INFO     |    ans_score_std                            +0.6913
2026-03-26 01:22:14 | INFO     |    answer_acceptance_rate                   +0.3077
2026-03-26 01:22:14 | INFO     |    log_question_count                       +0.0000
2026-03-26 01:22:14 | INFO     |    mean_question_score                      +0.0000
2026-03-26 01:22:14 | INFO     |    log_question_views                       +0.0000
2026-03-26 01:22:14 | INFO     |    mean_answers_per_q                       +0.0000
2026-03-26 01:22:14 | INFO     |    answer_question_ratio                    +0.8000
2026-03-26 01:22:14 | INFO     |    log_comment_count                        +0.6931
2026-03-26 01:22:14 | INFO     |    mean_comment_score                       +0.0000
2026-03-26 01:22:14 | INFO     |    comment_to_post_ratio                    +0.1671
2026-03-26 01:22:14 | INFO     |    log_profile_views                        +2.6391
2026-03-26 01:22:14 | INFO     |    log_total_votes_cast                     +1.3863
2026-03-26 01:22:14 | INFO     |    tag_badge_score                          +0.0000
2026-03-26 01:22:14 | INFO     |    weekly_activity_regularity               +0.0603
2026-03-26 01:22:14 | INFO     |    activity_span_days                       +6.2084
2026-03-26 01:22:14 | INFO     |    tag_entropy                              +2.8074
2026-03-26 01:22:14 | INFO     |    top_tag_concentration                    +0.2500
2026-03-26 01:22:14 | INFO     |  Saved cluster_profiles_heatmap.png
2026-03-26 01:22:15 | INFO     |  Saved final_clusters.png
2026-03-26 01:22:15 | INFO     | ============================================================
2026-03-26 01:22:15 | INFO     |  EXPORT
2026-03-26 01:22:15 | INFO     | ============================================================
2026-03-26 01:22:16 | INFO     |  Saved user_cluster_labels.csv
2026-03-26 01:22:16 | INFO     |  Saved umap_embedding_final.parquet
2026-03-26 01:22:16 | INFO     |  Saved pipeline_metadata.json
2026-03-26 01:22:16 | INFO     | ============================================================
2026-03-26 01:22:16 | INFO     |  DONE — 92458.5s | GPU=True
2026-03-26 01:22:16 | INFO     | ============================================================
