2026-03-24 20:01:48 | INFO     | Log: math_output/pipeline.log | tail -f math_output/pipeline.log
2026-03-24 20:01:48 | INFO     | ============================================================
2026-03-24 20:01:48 | INFO     |  ENVIRONMENT
2026-03-24 20:01:48 | INFO     | ============================================================
2026-03-24 20:01:48 | INFO     | Python     : 3.10.20
2026-03-24 20:01:48 | INFO     | GPU (cuML) : True
2026-03-24 20:01:48 | INFO     | N_JOBS     : 40 (N_JOBS_UMAP=40)
2026-03-24 20:01:48 | INFO     | UMAP metric: cosine
2026-03-24 20:01:48 | INFO     | ELIM_SEEDS : 10 seeds — [42, 7, 123, 99, 17, 2025, 314, 888, 1337, 0]
2026-03-24 20:01:48 | INFO     | FINAL_SEEDS: 20 seeds — [42, 7, 123, 99, 17, 2025, 314, 888, 1337, 0, 501, 256, 77, 13, 999, 4242, 31415, 271, 1024, 2718]
2026-03-24 20:01:48 | INFO     | DATA       : math_features_raw.parquet
2026-03-24 20:01:48 | INFO     | OUT_DIR    : math_output
2026-03-24 20:01:48 | INFO     | ============================================================
2026-03-24 20:01:48 | INFO     |  STEP 0 — Load features_raw.parquet
2026-03-24 20:01:48 | INFO     | ============================================================
2026-03-24 20:01:48 | INFO     |  ✓ load parquet done in 0.6s
2026-03-24 20:01:48 | INFO     |  Raw shape : 40,625 × 28
2026-03-24 20:01:48 | INFO     |  Features  : ['log_answer_count', 'mean_answer_score', 'median_answer_score', 'log_total_ans_score', 'ans_score_std', 'answer_acceptance_rate', 'log_question_count', 'mean_question_score', 'log_question_views', 'mean_answers_per_q', 'answer_question_ratio', 'log_comment_count', 'mean_comment_score', 'comment_to_post_ratio', 'log_reputation', 'log_tenure_days', 'log_profile_views', 'vote_casting_ratio', 'log_total_votes_cast', 'tag_badge_score', 'named_badge_score', 'activity_span_days', 'weekly_activity_regularity', 'monthly_activity_span', 'log_total_events', 'tag_entropy', 'top_tag_concentration', 'log_unique_tags']
2026-03-24 20:01:48 | INFO     |  Ghost filter: log_total_events OR log_reputation
2026-03-24 20:01:48 | INFO     |  Ghost filter: removed 0 (0.0%) → 40,625 active users
2026-03-24 20:01:48 | INFO     |  NON_BEHAVIORAL dropped: ['median_answer_score', 'log_reputation', 'log_tenure_days', 'vote_casting_ratio', 'named_badge_score', 'monthly_activity_span', 'log_unique_tags']
2026-03-24 20:01:48 | INFO     |  activity_span_days — raw range: [0, 9] median=6  (no clip — RobustScaler handles range)
2026-03-24 20:01:48 | INFO     |  ✓ RobustScaler done in 0.0s
2026-03-24 20:01:48 | INFO     |  Scaled shape: (40625, 21)
2026-03-24 20:01:48 | INFO     | ============================================================
2026-03-24 20:01:48 | INFO     |  STEP 1 — Variance Threshold (SKIPPED)
2026-03-24 20:01:48 | INFO     | ============================================================
2026-03-24 20:01:48 | INFO     |  Keeping all 21 scaled features
2026-03-24 20:01:48 | INFO     |  Correlation step skipped — passing all 21 features to backward elimination: ['log_answer_count', 'mean_answer_score', 'log_total_ans_score', 'ans_score_std', 'answer_acceptance_rate', 'log_question_count', 'mean_question_score', 'log_question_views', 'mean_answers_per_q', 'answer_question_ratio', 'log_comment_count', 'mean_comment_score', 'comment_to_post_ratio', 'log_profile_views', 'log_total_votes_cast', 'tag_badge_score', 'activity_span_days', 'weekly_activity_regularity', 'log_total_events', 'tag_entropy', 'top_tag_concentration']
2026-03-24 20:01:48 | INFO     | ============================================================
2026-03-24 20:01:48 | INFO     |  STEP 3 — Baseline UMAP (GPU=True) + HDBSCAN
2026-03-24 20:01:48 | INFO     | ============================================================
2026-03-24 20:01:48 | INFO     |  Input: 40,625 users × 21 features → 5D
2026-03-24 20:01:59 | INFO     |  ✓ baseline UMAP + HDBSCAN done in 10.6s
2026-03-24 20:01:59 | INFO     |  Baseline DBCV (single-seed): 0.1037
2026-03-24 20:01:59 | INFO     |  Clusters : 18 | Noise: 5,181 (12.8%)
2026-03-24 20:01:59 | INFO     |  min_cluster_size=406  min_samples=50
2026-03-24 20:02:00 | INFO     |  Saved step3_baseline_umap.png
2026-03-24 20:02:00 | INFO     | ============================================================
2026-03-24 20:02:00 | INFO     |  STEP 4 — DBCV-Based Backward Elimination
2026-03-24 20:02:00 | INFO     | ============================================================
2026-03-24 20:02:00 | INFO     |  Computing baseline DBCV (seeds=[42, 7, 123, 99, 17, 2025, 314, 888, 1337, 0]) ...
2026-03-24 20:02:00 | INFO     |  GPU=True  parallel_seeds=False  N_JOBS=40  N_JOBS_UMAP=40
2026-03-24 20:02:29 | INFO     |  Baseline: 21 features  mean DBCV=0.1863
2026-03-24 20:02:29 | INFO     |  DBCV retention floor: 90% × 0.1863 = 0.1677
2026-03-24 20:02:29 | INFO     |  Criterion: strict DBCV improvement (no tolerance)  MAX_ELIM_ROUNDS=999
2026-03-24 20:02:29 | INFO     |  -- Round 1/999 (21 features)  floor=0.1677 --
2026-03-24 20:02:58 | INFO     |  remove [log_answer_count                        ] DBCV=0.1968(+0.0106) floor=True  dbcv/seed=['0.319', '0.069', '0.387', '0.130', '0.240', '0.311', '0.083', '0.320', '0.024', '0.084'] 28.9s
2026-03-24 20:03:26 | INFO     |  remove [mean_answer_score                       ] DBCV=0.1839(-0.0024) floor=True  dbcv/seed=['0.106', '0.475', '0.062', '0.071', '0.455', '0.235', '0.139', '0.110', '0.073', '0.113'] 28.7s
2026-03-24 20:03:55 | INFO     |  remove [log_total_ans_score                     ] DBCV=0.3033(+0.1170) floor=True  dbcv/seed=['0.319', '0.162', '0.094', '0.446', '0.429', '0.609', '0.105', '0.270', '0.235', '0.364'] 29.0s
2026-03-24 20:04:24 | INFO     |  remove [ans_score_std                           ] DBCV=0.2209(+0.0346) floor=True  dbcv/seed=['0.616', '0.077', '0.118', '0.091', '0.068', '0.063', '0.284', '0.389', '0.366', '0.136'] 28.4s
2026-03-24 20:04:53 | INFO     |  remove [answer_acceptance_rate                  ] DBCV=0.3064(+0.1201) floor=True  dbcv/seed=['0.160', '0.127', '0.460', '0.416', '0.125', '0.104', '0.222', '0.498', '0.517', '0.433'] 29.0s
2026-03-24 20:05:21 | INFO     |  remove [log_question_count                      ] DBCV=0.1567(-0.0295) floor=False dbcv/seed=['0.264', '0.187', '0.034', '0.069', '0.144', '0.085', '0.264', '0.085', '0.135', '0.301'] 28.8s
2026-03-24 20:05:50 | INFO     |  remove [mean_question_score                     ] DBCV=0.1965(+0.0102) floor=True  dbcv/seed=['0.176', '0.172', '0.420', '0.152', '0.207', '0.184', '0.153', '0.192', '0.157', '0.152'] 28.7s
2026-03-24 20:06:20 | INFO     |  remove [log_question_views                      ] DBCV=0.2140(+0.0277) floor=True  dbcv/seed=['0.190', '0.348', '0.057', '0.163', '0.022', '0.041', '0.315', '0.340', '0.339', '0.325'] 29.8s
2026-03-24 20:06:49 | INFO     |  remove [mean_answers_per_q                      ] DBCV=0.2400(+0.0537) floor=True  dbcv/seed=['0.310', '0.128', '0.236', '0.305', '0.273', '0.278', '0.297', '0.137', '0.316', '0.121'] 28.9s
2026-03-24 20:07:18 | INFO     |  remove [answer_question_ratio                   ] DBCV=0.1607(-0.0256) floor=False dbcv/seed=['0.099', '0.316', '0.345', '0.159', '0.085', '0.083', '0.108', '0.104', '0.100', '0.208'] 28.9s
2026-03-24 20:07:47 | INFO     |  remove [log_comment_count                       ] DBCV=0.1763(-0.0100) floor=True  dbcv/seed=['0.076', '0.106', '0.338', '0.331', '0.119', '0.122', '0.064', '0.340', '0.126', '0.140'] 29.0s
2026-03-24 20:08:16 | INFO     |  remove [mean_comment_score                      ] DBCV=0.3373(+0.1510) floor=True  dbcv/seed=['0.319', '0.137', '0.392', '0.179', '0.455', '0.347', '0.093', '0.406', '0.528', '0.516'] 29.1s
2026-03-24 20:08:44 | INFO     |  remove [comment_to_post_ratio                   ] DBCV=0.3625(+0.1762) floor=True  dbcv/seed=['0.340', '0.368', '0.388', '0.360', '0.398', '0.367', '0.319', '0.347', '0.409', '0.329'] 28.2s
2026-03-24 20:09:14 | INFO     |  remove [log_profile_views                       ] DBCV=0.2020(+0.0158) floor=True  dbcv/seed=['0.292', '0.095', '0.284', '0.103', '0.466', '0.239', '0.082', '0.292', '0.088', '0.080'] 29.8s
2026-03-24 20:09:43 | INFO     |  remove [log_total_votes_cast                    ] DBCV=0.1494(-0.0369) floor=False dbcv/seed=['0.343', '0.057', '0.072', '0.086', '0.067', '0.273', '0.142', '0.314', '0.068', '0.072'] 29.6s
2026-03-24 20:10:12 | INFO     |  remove [tag_badge_score                         ] DBCV=0.2434(+0.0571) floor=True  dbcv/seed=['0.077', '0.182', '0.413', '0.095', '0.335', '0.328', '0.344', '0.094', '0.197', '0.368'] 29.0s
2026-03-24 20:10:41 | INFO     |  remove [activity_span_days                      ] DBCV=0.1714(-0.0148) floor=True  dbcv/seed=['0.239', '0.179', '0.110', '0.126', '0.395', '0.151', '0.127', '0.142', '0.104', '0.142'] 28.9s
2026-03-24 20:11:10 | INFO     |  remove [weekly_activity_regularity              ] DBCV=0.2092(+0.0229) floor=True  dbcv/seed=['0.223', '0.416', '0.201', '0.124', '0.209', '0.247', '0.157', '0.198', '0.249', '0.068'] 28.8s
2026-03-24 20:11:39 | INFO     |  remove [log_total_events                        ] DBCV=0.1114(-0.0749) floor=False dbcv/seed=['0.093', '0.062', '0.312', '0.096', '0.120', '0.075', '0.118', '0.104', '0.056', '0.078'] 29.1s
2026-03-24 20:12:08 | INFO     |  remove [tag_entropy                             ] DBCV=0.1951(+0.0089) floor=True  dbcv/seed=['0.108', '0.219', '0.314', '0.400', '0.117', '0.095', '0.108', '0.134', '0.084', '0.372'] 28.7s
2026-03-24 20:12:37 | INFO     |  remove [top_tag_concentration                   ] DBCV=0.2690(+0.0827) floor=True  dbcv/seed=['0.186', '0.331', '0.376', '0.191', '0.163', '0.135', '0.146', '0.182', '0.409', '0.572'] 28.8s
2026-03-24 20:12:37 | INFO     |  ✓ Dropped [comment_to_post_ratio]  DBCV=0.3625  remaining=20  round=608.0s
2026-03-24 20:12:37 | INFO     |  -- Round 2/999 (20 features)  floor=0.3177 --
2026-03-24 20:13:05 | INFO     |  remove [log_answer_count                        ] DBCV=0.2966(-0.0659) floor=False dbcv/seed=['0.291', '0.357', '0.183', '0.294', '0.334', '0.328', '0.308', '0.312', '0.261', '0.298'] 28.4s
2026-03-24 20:13:33 | INFO     |  remove [mean_answer_score                       ] DBCV=0.3791(+0.0166) floor=True  dbcv/seed=['0.395', '0.397', '0.421', '0.372', '0.425', '0.366', '0.389', '0.310', '0.332', '0.385'] 27.7s
2026-03-24 20:14:01 | INFO     |  remove [log_total_ans_score                     ] DBCV=0.3417(-0.0208) floor=True  dbcv/seed=['0.346', '0.183', '0.512', '0.333', '0.208', '0.306', '0.433', '0.176', '0.353', '0.567'] 28.7s
2026-03-24 20:14:30 | INFO     |  remove [ans_score_std                           ] DBCV=0.3654(+0.0030) floor=True  dbcv/seed=['0.353', '0.452', '0.319', '0.333', '0.285', '0.556', '0.319', '0.563', '0.346', '0.128'] 28.4s
2026-03-24 20:14:59 | INFO     |  remove [answer_acceptance_rate                  ] DBCV=0.2609(-0.1016) floor=False dbcv/seed=['0.443', '0.160', '0.266', '0.286', '0.297', '0.400', '0.211', '0.183', '0.144', '0.219'] 28.9s
2026-03-24 20:15:27 | INFO     |  remove [log_question_count                      ] DBCV=0.3371(-0.0254) floor=True  dbcv/seed=['0.335', '0.401', '0.324', '0.217', '0.416', '0.220', '0.356', '0.413', '0.378', '0.310'] 28.2s
2026-03-24 20:15:55 | INFO     |  remove [mean_question_score                     ] DBCV=0.3410(-0.0215) floor=True  dbcv/seed=['0.471', '0.238', '0.469', '0.255', '0.415', '0.245', '0.262', '0.260', '0.552', '0.244'] 28.2s
2026-03-24 20:16:24 | INFO     |  remove [log_question_views                      ] DBCV=0.1163(-0.2462) floor=False dbcv/seed=['0.245', '0.069', '0.069', '0.044', '0.201', '0.110', '0.059', '0.080', '0.156', '0.131'] 29.4s
2026-03-24 20:16:53 | INFO     |  remove [mean_answers_per_q                      ] DBCV=0.1930(-0.1695) floor=False dbcv/seed=['0.208', '0.171', '0.156', '0.371', '0.190', '0.180', '0.132', '0.151', '0.166', '0.206'] 28.9s
2026-03-24 20:17:22 | INFO     |  remove [answer_question_ratio                   ] DBCV=0.2561(-0.1064) floor=False dbcv/seed=['0.426', '0.207', '0.286', '0.243', '0.316', '0.355', '0.112', '0.178', '0.138', '0.301'] 28.3s
2026-03-24 20:17:50 | INFO     |  remove [log_comment_count                       ] DBCV=0.3212(-0.0413) floor=True  dbcv/seed=['0.298', '0.294', '0.349', '0.372', '0.325', '0.308', '0.294', '0.357', '0.202', '0.412'] 28.3s
2026-03-24 20:18:19 | INFO     |  remove [mean_comment_score                      ] DBCV=0.2371(-0.1254) floor=False dbcv/seed=['0.196', '0.211', '0.211', '0.268', '0.173', '0.186', '0.368', '0.348', '0.219', '0.190'] 28.9s
2026-03-24 20:18:48 | INFO     |  remove [log_profile_views                       ] DBCV=0.1805(-0.1820) floor=False dbcv/seed=['0.206', '0.114', '0.109', '0.266', '0.212', '0.217', '0.148', '0.118', '0.211', '0.205'] 28.9s
2026-03-24 20:19:16 | INFO     |  remove [log_total_votes_cast                    ] DBCV=0.3185(-0.0440) floor=True  dbcv/seed=['0.330', '0.310', '0.231', '0.264', '0.413', '0.365', '0.347', '0.288', '0.313', '0.322'] 28.6s
2026-03-24 20:19:45 | INFO     |  remove [tag_badge_score                         ] DBCV=0.4724(+0.1099) floor=True  dbcv/seed=['0.488', '0.170', '0.595', '0.322', '0.538', '0.473', '0.600', '0.601', '0.368', '0.571'] 28.8s
2026-03-24 20:20:14 | INFO     |  remove [activity_span_days                      ] DBCV=0.1610(-0.2015) floor=False dbcv/seed=['0.228', '0.139', '0.154', '0.124', '0.139', '0.175', '0.177', '0.145', '0.112', '0.217'] 28.4s
2026-03-24 20:20:42 | INFO     |  remove [weekly_activity_regularity              ] DBCV=0.3998(+0.0373) floor=True  dbcv/seed=['0.456', '0.362', '0.416', '0.293', '0.401', '0.090', '0.379', '0.436', '0.450', '0.714'] 28.5s
2026-03-24 20:21:10 | INFO     |  remove [log_total_events                        ] DBCV=0.3401(-0.0224) floor=True  dbcv/seed=['0.359', '0.397', '0.444', '0.386', '0.231', '0.324', '0.269', '0.382', '0.314', '0.294'] 28.2s
2026-03-24 20:21:38 | INFO     |  remove [tag_entropy                             ] DBCV=0.3219(-0.0406) floor=True  dbcv/seed=['0.348', '0.202', '0.335', '0.350', '0.366', '0.321', '0.360', '0.345', '0.313', '0.279'] 27.7s
2026-03-24 20:22:05 | INFO     |  remove [top_tag_concentration                   ] DBCV=0.3285(-0.0340) floor=True  dbcv/seed=['0.308', '0.437', '0.250', '0.346', '0.244', '0.320', '0.255', '0.265', '0.312', '0.548'] 27.5s
2026-03-24 20:22:05 | INFO     |  ✓ Dropped [tag_badge_score]  DBCV=0.4724  remaining=19  round=568.8s
2026-03-24 20:22:05 | INFO     |  -- Round 3/999 (19 features)  floor=0.4252 --
2026-03-24 20:22:34 | INFO     |  remove [log_answer_count                        ] DBCV=0.5046(+0.0322) floor=True  dbcv/seed=['0.556', '0.527', '0.319', '0.313', '0.536', '0.477', '0.590', '0.599', '0.546', '0.583'] 28.0s
2026-03-24 20:23:02 | INFO     |  remove [mean_answer_score                       ] DBCV=0.3598(-0.1126) floor=False dbcv/seed=['0.337', '0.337', '0.469', '0.338', '0.392', '0.364', '0.345', '0.340', '0.310', '0.366'] 28.4s
2026-03-24 20:23:31 | INFO     |  remove [log_total_ans_score                     ] DBCV=0.3373(-0.1351) floor=False dbcv/seed=['0.461', '0.263', '0.143', '0.435', '0.114', '0.438', '0.552', '0.477', '0.156', '0.335'] 29.1s
2026-03-24 20:24:00 | INFO     |  remove [ans_score_std                           ] DBCV=0.4612(-0.0112) floor=True  dbcv/seed=['0.286', '0.462', '0.286', '0.567', '0.571', '0.556', '0.605', '0.521', '0.461', '0.296'] 28.5s
2026-03-24 20:24:29 | INFO     |  remove [answer_acceptance_rate                  ] DBCV=0.3931(-0.0793) floor=False dbcv/seed=['0.362', '0.399', '0.375', '0.423', '0.405', '0.393', '0.386', '0.387', '0.435', '0.367'] 29.5s
2026-03-24 20:24:57 | INFO     |  remove [log_question_count                      ] DBCV=0.5158(+0.0434) floor=True  dbcv/seed=['0.566', '0.308', '0.507', '0.399', '0.534', '0.602', '0.599', '0.455', '0.549', '0.639'] 28.2s
2026-03-24 20:25:26 | INFO     |  remove [mean_question_score                     ] DBCV=0.4027(-0.0697) floor=False dbcv/seed=['0.182', '0.401', '0.238', '0.682', '0.438', '0.289', '0.634', '0.258', '0.448', '0.458'] 28.8s
2026-03-24 20:25:56 | INFO     |  remove [log_question_views                      ] DBCV=0.1669(-0.3056) floor=False dbcv/seed=['0.115', '0.141', '0.116', '0.407', '0.186', '0.168', '0.092', '0.229', '0.127', '0.087'] 29.7s
2026-03-24 20:26:25 | INFO     |  remove [mean_answers_per_q                      ] DBCV=0.3158(-0.1566) floor=False dbcv/seed=['0.403', '0.328', '0.188', '0.201', '0.204', '0.239', '0.278', '0.408', '0.636', '0.273'] 28.8s
2026-03-24 20:26:52 | INFO     |  remove [answer_question_ratio                   ] DBCV=0.3584(-0.1140) floor=False dbcv/seed=['0.332', '0.189', '0.622', '0.453', '0.282', '0.310', '0.236', '0.521', '0.317', '0.323'] 27.7s
2026-03-24 20:27:21 | INFO     |  remove [log_comment_count                       ] DBCV=0.4716(-0.0008) floor=True  dbcv/seed=['0.597', '0.572', '0.313', '0.608', '0.423', '0.413', '0.557', '0.637', '0.263', '0.332'] 28.6s
2026-03-24 20:27:49 | INFO     |  remove [mean_comment_score                      ] DBCV=0.4096(-0.0628) floor=False dbcv/seed=['0.407', '0.209', '0.400', '0.379', '0.395', '0.501', '0.529', '0.432', '0.408', '0.435'] 28.5s
2026-03-24 20:28:19 | INFO     |  remove [log_profile_views                       ] DBCV=0.2460(-0.2264) floor=False dbcv/seed=['0.438', '0.276', '0.161', '0.203', '0.245', '0.123', '0.085', '0.118', '0.392', '0.419'] 29.1s
2026-03-24 20:28:47 | INFO     |  remove [log_total_votes_cast                    ] DBCV=0.4307(-0.0418) floor=True  dbcv/seed=['0.422', '0.342', '0.383', '0.536', '0.612', '0.325', '0.534', '0.455', '0.535', '0.162'] 28.7s
2026-03-24 20:29:16 | INFO     |  remove [activity_span_days                      ] DBCV=0.2460(-0.2264) floor=False dbcv/seed=['0.297', '0.119', '0.594', '0.193', '0.174', '0.202', '0.426', '0.169', '0.143', '0.143'] 28.6s
2026-03-24 20:29:44 | INFO     |  remove [weekly_activity_regularity              ] DBCV=0.4610(-0.0115) floor=True  dbcv/seed=['0.255', '0.549', '0.444', '0.120', '0.463', '0.190', '0.661', '0.726', '0.737', '0.465'] 28.5s
2026-03-24 20:30:13 | INFO     |  remove [log_total_events                        ] DBCV=0.5307(+0.0583) floor=True  dbcv/seed=['0.609', '0.557', '0.217', '0.542', '0.409', '0.589', '0.597', '0.609', '0.595', '0.583'] 28.8s
2026-03-24 20:30:42 | INFO     |  remove [tag_entropy                             ] DBCV=0.4949(+0.0225) floor=True  dbcv/seed=['0.593', '0.486', '0.618', '0.603', '0.346', '0.571', '0.388', '0.585', '0.345', '0.415'] 28.6s
2026-03-24 20:31:11 | INFO     |  remove [top_tag_concentration                   ] DBCV=0.3267(-0.1457) floor=False dbcv/seed=['0.309', '0.298', '0.267', '0.374', '0.513', '0.220', '0.320', '0.304', '0.357', '0.306'] 28.7s
2026-03-24 20:31:11 | INFO     |  ✓ Dropped [log_total_events]  DBCV=0.5307  remaining=18  round=545.1s
2026-03-24 20:31:11 | INFO     |  -- Round 4/999 (18 features)  floor=0.4776 --
2026-03-24 20:31:39 | INFO     |  remove [log_answer_count                        ] DBCV=0.4623(-0.0684) floor=False dbcv/seed=['0.627', '0.147', '0.505', '0.535', '0.539', '0.554', '0.552', '0.547', '0.278', '0.340'] 28.6s
2026-03-24 20:32:08 | INFO     |  remove [mean_answer_score                       ] DBCV=0.4136(-0.1171) floor=False dbcv/seed=['0.176', '0.523', '0.434', '0.386', '0.526', '0.459', '0.438', '0.389', '0.441', '0.363'] 28.6s
2026-03-24 20:32:37 | INFO     |  remove [log_total_ans_score                     ] DBCV=0.3064(-0.2243) floor=False dbcv/seed=['0.194', '0.300', '0.193', '0.464', '0.413', '0.557', '0.331', '0.147', '0.273', '0.194'] 28.9s
2026-03-24 20:33:05 | INFO     |  remove [ans_score_std                           ] DBCV=0.5332(+0.0025) floor=True  dbcv/seed=['0.536', '0.556', '0.578', '0.515', '0.592', '0.509', '0.649', '0.371', '0.547', '0.479'] 28.4s
2026-03-24 20:33:35 | INFO     |  remove [answer_acceptance_rate                  ] DBCV=0.4924(-0.0383) floor=True  dbcv/seed=['0.525', '0.574', '0.437', '0.540', '0.503', '0.458', '0.499', '0.559', '0.382', '0.446'] 29.5s
2026-03-24 20:34:03 | INFO     |  remove [log_question_count                      ] DBCV=0.4373(-0.0934) floor=False dbcv/seed=['0.551', '0.277', '0.677', '0.611', '0.347', '0.214', '0.323', '0.573', '0.631', '0.171'] 28.2s
2026-03-24 20:34:31 | INFO     |  remove [mean_question_score                     ] DBCV=0.3211(-0.2096) floor=False dbcv/seed=['0.223', '0.266', '0.420', '0.713', '0.245', '0.453', '0.185', '0.221', '0.178', '0.305'] 28.1s
2026-03-24 20:35:00 | INFO     |  remove [log_question_views                      ] DBCV=0.2555(-0.2752) floor=False dbcv/seed=['0.177', '0.125', '0.571', '0.161', '0.199', '0.067', '0.368', '0.369', '0.380', '0.138'] 29.2s
2026-03-24 20:35:29 | INFO     |  remove [mean_answers_per_q                      ] DBCV=0.3692(-0.1615) floor=False dbcv/seed=['0.458', '0.503', '0.239', '0.340', '0.209', '0.511', '0.499', '0.297', '0.386', '0.250'] 29.3s
2026-03-24 20:35:58 | INFO     |  remove [answer_question_ratio                   ] DBCV=0.3352(-0.1955) floor=False dbcv/seed=['0.552', '0.288', '0.418', '0.497', '0.215', '0.337', '0.204', '0.330', '0.280', '0.231'] 28.3s
2026-03-24 20:36:26 | INFO     |  remove [log_comment_count                       ] DBCV=0.3100(-0.2207) floor=False dbcv/seed=['0.284', '0.200', '0.427', '0.324', '0.293', '0.308', '0.336', '0.334', '0.254', '0.341'] 28.6s
2026-03-24 20:36:55 | INFO     |  remove [mean_comment_score                      ] DBCV=0.3756(-0.1551) floor=False dbcv/seed=['0.429', '0.356', '0.388', '0.341', '0.351', '0.342', '0.403', '0.373', '0.366', '0.407'] 28.8s
2026-03-24 20:37:25 | INFO     |  remove [log_profile_views                       ] DBCV=0.2333(-0.2974) floor=False dbcv/seed=['0.239', '0.410', '0.223', '0.361', '0.150', '0.191', '0.203', '0.228', '0.218', '0.112'] 29.5s
2026-03-24 20:37:53 | INFO     |  remove [log_total_votes_cast                    ] DBCV=0.3543(-0.1764) floor=False dbcv/seed=['0.227', '0.397', '0.417', '0.167', '0.420', '0.605', '0.167', '0.484', '0.273', '0.387'] 28.5s
2026-03-24 20:38:22 | INFO     |  remove [activity_span_days                      ] DBCV=0.3577(-0.1730) floor=False dbcv/seed=['0.467', '0.285', '0.296', '0.216', '0.272', '0.410', '0.180', '0.471', '0.481', '0.499'] 29.1s
2026-03-24 20:38:51 | INFO     |  remove [weekly_activity_regularity              ] DBCV=0.4760(-0.0547) floor=False dbcv/seed=['0.568', '0.320', '0.196', '0.373', '0.624', '0.489', '0.472', '0.366', '0.686', '0.664'] 28.5s
2026-03-24 20:39:19 | INFO     |  remove [tag_entropy                             ] DBCV=0.4173(-0.1134) floor=False dbcv/seed=['0.399', '0.376', '0.364', '0.388', '0.654', '0.313', '0.333', '0.345', '0.604', '0.398'] 28.7s
2026-03-24 20:39:48 | INFO     |  remove [top_tag_concentration                   ] DBCV=0.3637(-0.1670) floor=False dbcv/seed=['0.447', '0.424', '0.311', '0.323', '0.345', '0.351', '0.252', '0.387', '0.452', '0.345'] 28.8s
2026-03-24 20:39:48 | INFO     |  ✓ Dropped [ans_score_std]  DBCV=0.5332  remaining=17  round=517.6s
2026-03-24 20:39:48 | INFO     |  -- Round 5/999 (17 features)  floor=0.4799 --
2026-03-24 20:40:17 | INFO     |  remove [log_answer_count                        ] DBCV=0.3552(-0.1780) floor=False dbcv/seed=['0.294', '0.324', '0.296', '0.346', '0.303', '0.472', '0.287', '0.407', '0.530', '0.293'] 28.9s
2026-03-24 20:40:46 | INFO     |  remove [mean_answer_score                       ] DBCV=0.5806(+0.0474) floor=True  dbcv/seed=['0.606', '0.423', '0.585', '0.598', '0.645', '0.623', '0.437', '0.611', '0.679', '0.599'] 28.7s
2026-03-24 20:41:14 | INFO     |  remove [log_total_ans_score                     ] DBCV=0.4903(-0.0429) floor=True  dbcv/seed=['0.251', '0.426', '0.504', '0.550', '0.332', '0.636', '0.547', '0.467', '0.582', '0.607'] 28.6s
2026-03-24 20:41:45 | INFO     |  remove [answer_acceptance_rate                  ] DBCV=0.5607(+0.0275) floor=True  dbcv/seed=['0.498', '0.517', '0.501', '0.685', '0.608', '0.672', '0.610', '0.518', '0.444', '0.555'] 30.4s
2026-03-24 20:42:13 | INFO     |  remove [log_question_count                      ] DBCV=0.4051(-0.1281) floor=False dbcv/seed=['0.295', '0.518', '0.314', '0.564', '0.477', '0.382', '0.557', '0.344', '0.206', '0.394'] 28.6s
2026-03-24 20:42:42 | INFO     |  remove [mean_question_score                     ] DBCV=0.3996(-0.1336) floor=False dbcv/seed=['0.549', '0.246', '0.226', '0.428', '0.363', '0.382', '0.453', '0.346', '0.389', '0.613'] 28.4s
2026-03-24 20:43:11 | INFO     |  remove [log_question_views                      ] DBCV=0.3074(-0.2258) floor=False dbcv/seed=['0.510', '0.145', '0.442', '0.312', '0.177', '0.436', '0.291', '0.231', '0.150', '0.379'] 29.6s
2026-03-24 20:43:40 | INFO     |  remove [mean_answers_per_q                      ] DBCV=0.4017(-0.1315) floor=False dbcv/seed=['0.222', '0.444', '0.408', '0.246', '0.456', '0.460', '0.453', '0.411', '0.467', '0.449'] 28.9s
2026-03-24 20:44:09 | INFO     |  remove [answer_question_ratio                   ] DBCV=0.4877(-0.0455) floor=True  dbcv/seed=['0.571', '0.523', '0.394', '0.537', '0.551', '0.281', '0.496', '0.416', '0.553', '0.554'] 28.6s
2026-03-24 20:44:38 | INFO     |  remove [log_comment_count                       ] DBCV=0.4880(-0.0452) floor=True  dbcv/seed=['0.562', '0.378', '0.473', '0.463', '0.293', '0.583', '0.583', '0.401', '0.554', '0.592'] 28.6s
2026-03-24 20:45:06 | INFO     |  remove [mean_comment_score                      ] DBCV=0.2619(-0.2712) floor=False dbcv/seed=['0.250', '0.151', '0.206', '0.250', '0.337', '0.487', '0.296', '0.266', '0.150', '0.226'] 28.5s
2026-03-24 20:45:35 | INFO     |  remove [log_profile_views                       ] DBCV=0.3121(-0.2211) floor=False dbcv/seed=['0.226', '0.158', '0.401', '0.446', '0.221', '0.427', '0.325', '0.455', '0.215', '0.246'] 29.3s
2026-03-24 20:46:04 | INFO     |  remove [log_total_votes_cast                    ] DBCV=0.4698(-0.0634) floor=False dbcv/seed=['0.582', '0.381', '0.549', '0.402', '0.190', '0.613', '0.536', '0.503', '0.389', '0.554'] 29.0s
2026-03-24 20:46:33 | INFO     |  remove [activity_span_days                      ] DBCV=0.3810(-0.1522) floor=False dbcv/seed=['0.433', '0.327', '0.348', '0.362', '0.386', '0.463', '0.362', '0.425', '0.352', '0.353'] 28.4s
2026-03-24 20:47:01 | INFO     |  remove [weekly_activity_regularity              ] DBCV=0.3585(-0.1747) floor=False dbcv/seed=['0.354', '0.523', '0.431', '0.298', '0.420', '0.263', '0.347', '0.384', '0.223', '0.343'] 28.5s
2026-03-24 20:47:30 | INFO     |  remove [tag_entropy                             ] DBCV=0.5340(+0.0008) floor=True  dbcv/seed=['0.522', '0.538', '0.554', '0.551', '0.317', '0.566', '0.524', '0.529', '0.634', '0.607'] 28.4s
2026-03-24 20:47:58 | INFO     |  remove [top_tag_concentration                   ] DBCV=0.4501(-0.0831) floor=False dbcv/seed=['0.447', '0.483', '0.432', '0.436', '0.375', '0.447', '0.499', '0.531', '0.379', '0.472'] 28.2s
2026-03-24 20:47:58 | INFO     |  ✓ Dropped [mean_answer_score]  DBCV=0.5806  remaining=16  round=489.7s
2026-03-24 20:47:58 | INFO     |  -- Round 6/999 (16 features)  floor=0.5226 --
2026-03-24 20:48:27 | INFO     |  remove [log_answer_count                        ] DBCV=0.4356(-0.1451) floor=False dbcv/seed=['0.402', '0.375', '0.542', '0.510', '0.313', '0.516', '0.425', '0.450', '0.403', '0.419'] 29.0s
2026-03-24 20:48:55 | INFO     |  remove [log_total_ans_score                     ] DBCV=0.3133(-0.2673) floor=False dbcv/seed=['0.273', '0.314', '0.181', '0.311', '0.277', '0.346', '0.327', '0.354', '0.420', '0.330'] 28.6s
2026-03-24 20:49:26 | INFO     |  remove [answer_acceptance_rate                  ] DBCV=0.5735(-0.0072) floor=True  dbcv/seed=['0.577', '0.561', '0.391', '0.572', '0.620', '0.570', '0.649', '0.622', '0.627', '0.544'] 30.2s
2026-03-24 20:49:53 | INFO     |  remove [log_question_count                      ] DBCV=0.5492(-0.0315) floor=True  dbcv/seed=['0.585', '0.524', '0.478', '0.399', '0.572', '0.558', '0.602', '0.625', '0.576', '0.572'] 27.7s
2026-03-24 20:50:22 | INFO     |  remove [mean_question_score                     ] DBCV=0.5770(-0.0036) floor=True  dbcv/seed=['0.479', '0.605', '0.726', '0.588', '0.598', '0.584', '0.533', '0.533', '0.556', '0.567'] 28.2s
2026-03-24 20:50:51 | INFO     |  remove [log_question_views                      ] DBCV=0.3012(-0.2794) floor=False dbcv/seed=['0.306', '0.114', '0.467', '0.446', '0.309', '0.163', '0.366', '0.313', '0.412', '0.116'] 29.5s
2026-03-24 20:51:20 | INFO     |  remove [mean_answers_per_q                      ] DBCV=0.4128(-0.1679) floor=False dbcv/seed=['0.517', '0.741', '0.319', '0.526', '0.245', '0.283', '0.216', '0.277', '0.262', '0.741'] 28.5s
2026-03-24 20:51:48 | INFO     |  remove [answer_question_ratio                   ] DBCV=0.3333(-0.2473) floor=False dbcv/seed=['0.159', '0.385', '0.370', '0.367', '0.490', '0.340', '0.471', '0.335', '0.186', '0.229'] 28.9s
2026-03-24 20:52:17 | INFO     |  remove [log_comment_count                       ] DBCV=0.5145(-0.0661) floor=False dbcv/seed=['0.591', '0.485', '0.553', '0.470', '0.574', '0.595', '0.429', '0.618', '0.389', '0.442'] 28.8s
2026-03-24 20:52:46 | INFO     |  remove [mean_comment_score                      ] DBCV=0.2771(-0.3035) floor=False dbcv/seed=['0.180', '0.301', '0.215', '0.295', '0.190', '0.485', '0.205', '0.325', '0.276', '0.300'] 28.6s
2026-03-24 20:53:16 | INFO     |  remove [log_profile_views                       ] DBCV=0.2610(-0.3196) floor=False dbcv/seed=['0.474', '0.437', '0.259', '0.193', '0.190', '0.213', '0.127', '0.270', '0.184', '0.263'] 29.6s
2026-03-24 20:53:44 | INFO     |  remove [log_total_votes_cast                    ] DBCV=0.4763(-0.1043) floor=False dbcv/seed=['0.613', '0.429', '0.196', '0.436', '0.489', '0.467', '0.618', '0.287', '0.517', '0.711'] 28.7s
2026-03-24 20:54:12 | INFO     |  remove [activity_span_days                      ] DBCV=0.4572(-0.1234) floor=False dbcv/seed=['0.521', '0.477', '0.455', '0.494', '0.532', '0.484', '0.390', '0.445', '0.308', '0.467'] 28.2s
2026-03-24 20:54:41 | INFO     |  remove [weekly_activity_regularity              ] DBCV=0.5559(-0.0247) floor=True  dbcv/seed=['0.519', '0.581', '0.384', '0.603', '0.591', '0.606', '0.607', '0.438', '0.587', '0.643'] 28.4s
2026-03-24 20:55:09 | INFO     |  remove [tag_entropy                             ] DBCV=0.6223(+0.0417) floor=True  dbcv/seed=['0.589', '0.594', '0.609', '0.621', '0.609', '0.737', '0.565', '0.667', '0.614', '0.616'] 28.7s
2026-03-24 20:55:38 | INFO     |  remove [top_tag_concentration                   ] DBCV=0.4817(-0.0989) floor=False dbcv/seed=['0.568', '0.476', '0.146', '0.474', '0.436', '0.539', '0.529', '0.583', '0.546', '0.519'] 28.1s
2026-03-24 20:55:38 | INFO     |  ✓ Dropped [tag_entropy]  DBCV=0.6223  remaining=15  round=459.7s
2026-03-24 20:55:38 | INFO     |  -- Round 7/999 (15 features)  floor=0.5601 --
2026-03-24 20:56:06 | INFO     |  remove [log_answer_count                        ] DBCV=0.3182(-0.3041) floor=False dbcv/seed=['0.241', '0.350', '0.163', '0.419', '0.385', '0.423', '0.340', '0.243', '0.465', '0.152'] 28.6s
2026-03-24 20:56:35 | INFO     |  remove [log_total_ans_score                     ] DBCV=0.3951(-0.2272) floor=False dbcv/seed=['0.372', '0.373', '0.343', '0.406', '0.373', '0.568', '0.432', '0.587', '0.310', '0.186'] 28.6s
2026-03-24 20:57:04 | INFO     |  remove [answer_acceptance_rate                  ] DBCV=0.6058(-0.0165) floor=True  dbcv/seed=['0.601', '0.589', '0.606', '0.554', '0.666', '0.587', '0.606', '0.658', '0.584', '0.607'] 29.7s
2026-03-24 20:57:33 | INFO     |  remove [log_question_count                      ] DBCV=0.4957(-0.1266) floor=False dbcv/seed=['0.574', '0.515', '0.121', '0.566', '0.580', '0.546', '0.420', '0.614', '0.569', '0.452'] 28.4s
2026-03-24 20:58:01 | INFO     |  remove [mean_question_score                     ] DBCV=0.5500(-0.0723) floor=False dbcv/seed=['0.515', '0.535', '0.510', '0.531', '0.547', '0.738', '0.557', '0.488', '0.556', '0.525'] 28.0s
2026-03-24 20:58:31 | INFO     |  remove [log_question_views                      ] DBCV=0.4040(-0.2184) floor=False dbcv/seed=['0.412', '0.410', '0.264', '0.356', '0.473', '0.493', '0.387', '0.390', '0.472', '0.382'] 29.6s
2026-03-24 20:58:59 | INFO     |  remove [mean_answers_per_q                      ] DBCV=0.4451(-0.1773) floor=False dbcv/seed=['0.251', '0.398', '0.278', '0.670', '0.424', '0.494', '0.493', '0.403', '0.393', '0.647'] 28.4s
2026-03-24 20:59:28 | INFO     |  remove [answer_question_ratio                   ] DBCV=0.4953(-0.1270) floor=False dbcv/seed=['0.585', '0.501', '0.364', '0.555', '0.372', '0.483', '0.544', '0.396', '0.515', '0.638'] 28.9s
2026-03-24 20:59:57 | INFO     |  remove [log_comment_count                       ] DBCV=0.4279(-0.1944) floor=False dbcv/seed=['0.583', '0.432', '0.482', '0.438', '0.347', '0.445', '0.465', '0.331', '0.297', '0.458'] 28.6s
2026-03-24 21:00:25 | INFO     |  remove [mean_comment_score                      ] DBCV=0.3015(-0.3208) floor=False dbcv/seed=['0.384', '0.303', '0.229', '0.243', '0.185', '0.496', '0.266', '0.298', '0.309', '0.302'] 28.9s
2026-03-24 21:00:55 | INFO     |  remove [log_profile_views                       ] DBCV=0.3598(-0.2625) floor=False dbcv/seed=['0.457', '0.174', '0.452', '0.377', '0.308', '0.433', '0.347', '0.417', '0.222', '0.410'] 29.8s
2026-03-24 21:01:24 | INFO     |  remove [log_total_votes_cast                    ] DBCV=0.4533(-0.1690) floor=False dbcv/seed=['0.619', '0.570', '0.422', '0.297', '0.585', '0.575', '0.424', '0.250', '0.338', '0.453'] 28.7s
2026-03-24 21:01:52 | INFO     |  remove [activity_span_days                      ] DBCV=0.4466(-0.1757) floor=False dbcv/seed=['0.471', '0.534', '0.246', '0.534', '0.552', '0.542', '0.489', '0.432', '0.150', '0.515'] 28.5s
2026-03-24 21:02:21 | INFO     |  remove [weekly_activity_regularity              ] DBCV=0.4080(-0.2143) floor=False dbcv/seed=['0.409', '0.472', '0.393', '0.372', '0.372', '0.376', '0.357', '0.432', '0.482', '0.415'] 28.7s
2026-03-24 21:02:50 | INFO     |  remove [top_tag_concentration                   ] DBCV=0.5179(-0.1044) floor=False dbcv/seed=['0.592', '0.481', '0.534', '0.434', '0.557', '0.516', '0.497', '0.544', '0.502', '0.522'] 28.9s
2026-03-24 21:02:50 | INFO     |  ✗ No candidate strictly improved DBCV (best candidate=0.6058 ≤ current best=0.6223) — stopping. round=432.4s
2026-03-24 21:02:50 | INFO     |  Final feature set (15): ['log_answer_count', 'log_total_ans_score', 'answer_acceptance_rate', 'log_question_count', 'mean_question_score', 'log_question_views', 'mean_answers_per_q', 'answer_question_ratio', 'log_comment_count', 'mean_comment_score', 'log_profile_views', 'log_total_votes_cast', 'activity_span_days', 'weekly_activity_regularity', 'top_tag_concentration']
2026-03-24 21:02:50 | INFO     | ============================================================
2026-03-24 21:02:50 | INFO     |  STEP 5 — Best-Seed Final Run + Stability Audit
2026-03-24 21:02:50 | INFO     | ============================================================
2026-03-24 21:02:50 | INFO     | ============================================================
2026-03-24 21:02:50 | INFO     |  STEP 5a — Best-Seed Selection (DBCV + Silhouette per seed)
2026-03-24 21:02:50 | INFO     | ============================================================
2026-03-24 21:02:50 | INFO     |  Best-seed selection: running 20 seeds — [42, 7, 123, 99, 17, 2025, 314, 888, 1337, 0, 501, 256, 77, 13, 999, 4242, 31415, 271, 1024, 2718]
2026-03-24 21:03:08 | INFO     |  seed=    42  DBCV=0.5931  Sil=0.5724
2026-03-24 21:03:08 | INFO     |            clusters=18  noise=1,600
2026-03-24 21:03:25 | INFO     |  seed=     7  DBCV=0.4294  Sil=0.5824
2026-03-24 21:03:25 | INFO     |            clusters=17  noise=998
2026-03-24 21:03:42 | INFO     |  seed=   123  DBCV=0.6132  Sil=0.5677
2026-03-24 21:03:42 | INFO     |            clusters=18  noise=1,271
2026-03-24 21:03:58 | INFO     |  seed=    99  DBCV=0.6529  Sil=0.5708
2026-03-24 21:03:58 | INFO     |            clusters=18  noise=1,251
2026-03-24 21:04:15 | INFO     |  seed=    17  DBCV=0.6376  Sil=0.5679
2026-03-24 21:04:15 | INFO     |            clusters=18  noise=1,376
2026-03-24 21:04:31 | INFO     |  seed=  2025  DBCV=0.6068  Sil=0.5721
2026-03-24 21:04:31 | INFO     |            clusters=18  noise=1,314
2026-03-24 21:04:48 | INFO     |  seed=   314  DBCV=0.6565  Sil=0.5694
2026-03-24 21:04:48 | INFO     |            clusters=18  noise=1,364
2026-03-24 21:05:05 | INFO     |  seed=   888  DBCV=0.6684  Sil=0.5710
2026-03-24 21:05:05 | INFO     |            clusters=18  noise=1,270
2026-03-24 21:05:21 | INFO     |  seed=  1337  DBCV=0.5940  Sil=0.5669
2026-03-24 21:05:21 | INFO     |            clusters=18  noise=1,363
2026-03-24 21:05:38 | INFO     |  seed=     0  DBCV=0.6031  Sil=0.5663
2026-03-24 21:05:38 | INFO     |            clusters=18  noise=1,257
2026-03-24 21:05:55 | INFO     |  seed=   501  DBCV=0.3546  Sil=0.5630
2026-03-24 21:05:55 | INFO     |            clusters=18  noise=1,269
2026-03-24 21:06:11 | INFO     |  seed=   256  DBCV=0.6201  Sil=0.5771
2026-03-24 21:06:11 | INFO     |            clusters=18  noise=1,674
2026-03-24 21:06:28 | INFO     |  seed=    77  DBCV=0.6298  Sil=0.5722
2026-03-24 21:06:28 | INFO     |            clusters=18  noise=1,338
2026-03-24 21:06:45 | INFO     |  seed=    13  DBCV=0.6197  Sil=0.5651
2026-03-24 21:06:45 | INFO     |            clusters=18  noise=1,321
2026-03-24 21:07:01 | INFO     |  seed=   999  DBCV=0.5884  Sil=0.5696
2026-03-24 21:07:01 | INFO     |            clusters=18  noise=1,475
2026-03-24 21:07:17 | INFO     |  seed=  4242  DBCV=0.6521  Sil=0.5708
2026-03-24 21:07:17 | INFO     |            clusters=18  noise=1,273
2026-03-24 21:07:33 | INFO     |  seed= 31415  DBCV=0.6478  Sil=0.5744
2026-03-24 21:07:33 | INFO     |            clusters=18  noise=1,602
2026-03-24 21:07:49 | INFO     |  seed=   271  DBCV=0.5990  Sil=0.5737
2026-03-24 21:07:49 | INFO     |            clusters=18  noise=1,357
2026-03-24 21:08:05 | INFO     |  seed=  1024  DBCV=0.6185  Sil=0.5646
2026-03-24 21:08:05 | INFO     |            clusters=18  noise=1,284
2026-03-24 21:08:21 | INFO     |  seed=  2718  DBCV=0.6600  Sil=0.5726
2026-03-24 21:08:21 | INFO     |            clusters=18  noise=1,306
2026-03-24 21:08:21 | INFO     |  DBCV + Silhouette distribution across 20 seeds:
2026-03-24 21:08:21 | INFO     |    # 1  seed=   888  DBCV=0.6684  Sil=0.5710 ← SELECTED
2026-03-24 21:08:21 | INFO     |    # 2  seed=  2718  DBCV=0.6600  Sil=0.5726
2026-03-24 21:08:21 | INFO     |    # 3  seed=   314  DBCV=0.6565  Sil=0.5694
2026-03-24 21:08:21 | INFO     |    # 4  seed=    99  DBCV=0.6529  Sil=0.5708
2026-03-24 21:08:21 | INFO     |    # 5  seed=  4242  DBCV=0.6521  Sil=0.5708
2026-03-24 21:08:21 | INFO     |    # 6  seed= 31415  DBCV=0.6478  Sil=0.5744
2026-03-24 21:08:21 | INFO     |    # 7  seed=    17  DBCV=0.6376  Sil=0.5679
2026-03-24 21:08:21 | INFO     |    # 8  seed=    77  DBCV=0.6298  Sil=0.5722
2026-03-24 21:08:21 | INFO     |    # 9  seed=   256  DBCV=0.6201  Sil=0.5771
2026-03-24 21:08:21 | INFO     |    #10  seed=    13  DBCV=0.6197  Sil=0.5651
2026-03-24 21:08:21 | INFO     |    #11  seed=  1024  DBCV=0.6185  Sil=0.5646
2026-03-24 21:08:21 | INFO     |    #12  seed=   123  DBCV=0.6132  Sil=0.5677
2026-03-24 21:08:21 | INFO     |    #13  seed=  2025  DBCV=0.6068  Sil=0.5721
2026-03-24 21:08:21 | INFO     |    #14  seed=     0  DBCV=0.6031  Sil=0.5663
2026-03-24 21:08:21 | INFO     |    #15  seed=   271  DBCV=0.5990  Sil=0.5737
2026-03-24 21:08:21 | INFO     |    #16  seed=  1337  DBCV=0.5940  Sil=0.5669
2026-03-24 21:08:21 | INFO     |    #17  seed=    42  DBCV=0.5931  Sil=0.5724
2026-03-24 21:08:21 | INFO     |    #18  seed=   999  DBCV=0.5884  Sil=0.5696
2026-03-24 21:08:21 | INFO     |    #19  seed=     7  DBCV=0.4294  Sil=0.5824
2026-03-24 21:08:21 | INFO     |    #20  seed=   501  DBCV=0.3546  Sil=0.5630
2026-03-24 21:08:21 | INFO     |  DBCV  range : 0.3546 – 0.6684  spread=0.3138  mean=0.6022  std=0.0750
2026-03-24 21:08:21 | INFO     |  Sil   range : 0.5630 – 0.5824  mean=0.5705  std=0.0044
2026-03-24 21:08:21 | INFO     |  Exporting run from seed=888 (DBCV=0.6684  Sil=0.5710)
2026-03-24 21:08:21 | INFO     |  ✓ best-seed selection (20 seeds) done in 331.4s
2026-03-24 21:08:21 | INFO     |  Exported run : seed=888  DBCV=0.6684  Sil=0.5710
2026-03-24 21:08:21 | INFO     |  Clusters     : 18 | Noise: 1,270 (3.1%)
2026-03-24 21:08:21 | INFO     | ============================================================
2026-03-24 21:08:21 | INFO     |  STEP 5b — Stability Audit
2026-03-24 21:08:21 | INFO     | ============================================================
2026-03-24 21:08:21 | INFO     |  Reusing 20 pre-computed runs from Step 5a
2026-03-24 21:08:21 | INFO     |  [FINAL] Stability audit: reusing 20 pre-computed runs
2026-03-24 21:08:21 | INFO     |  [FINAL] (no additional UMAP runs needed — seeds match FINAL_SEEDS)
2026-03-24 21:08:22 | INFO     |  [FINAL] Stability (pairwise ARI, 20 seeds):
2026-03-24 21:08:22 | INFO     |  [FINAL]   mean ARI : 0.9974 min=0.9949 std=0.0007
2026-03-24 21:08:22 | INFO     |  [FINAL]   mean DBCV: 0.6022 per-seed=['0.5931', '0.4294', '0.6132', '0.6529', '0.6376', '0.6068', '0.6565', '0.6684', '0.5940', '0.6031', '0.3546', '0.6201', '0.6298', '0.6197', '0.5884', '0.6521', '0.6478', '0.5990', '0.6185', '0.6600']
2026-03-24 21:08:22 | INFO     |  [FINAL]   clusters per seed : [18, 17, 18, 18, 18, 18, 18, 18, 18, 18, 18, 18, 18, 18, 18, 18, 18, 18, 18, 18]
2026-03-24 21:08:22 | INFO     |  [FINAL]   noise % per seed  : ['3.9', '2.5', '3.1', '3.1', '3.4', '3.2', '3.4', '3.1', '3.4', '3.1', '3.1', '4.1', '3.3', '3.3', '3.6', '3.1', '3.9', '3.3', '3.2', '3.2']
2026-03-24 21:08:22 | INFO     |  [FINAL]   pairwise ARIs     : ['0.9958', '0.9975', '0.9975', '0.9971', '0.9980', '0.9976', '0.9975', '0.9970', '0.9974', '0.9977', '0.9978', '0.9975', '0.9973', '0.9980', '0.9974', '0.9974', '0.9975', '0.9979', '0.9968', '0.9952', '0.9956', '0.9954', '0.9953', '0.9959', '0.9955', '0.9955', '0.9958', '0.9954', '0.9956', '0.9957', '0.9957', '0.9949', '0.9961', '0.9960', '0.9960', '0.9954', '0.9955', '0.9970', '0.9979', '0.9976', '0.9974', '0.9979', '0.9982', '0.9978', '0.9974', '0.9981', '0.9980', '0.9974', '0.9976', '0.9974', '0.9971', '0.9978', '0.9976', '0.9974', '0.9978', '0.9977', '0.9983', '0.9972', '0.9974', '0.9982', '0.9970', '0.9979', '0.9971', '0.9974', '0.9977', '0.9982', '0.9978', '0.9978', '0.9974', '0.9975', '0.9975', '0.9977', '0.9979', '0.9985', '0.9977', '0.9974', '0.9981', '0.9978', '0.9980', '0.9977', '0.9979', '0.9971', '0.9973', '0.9976', '0.9973', '0.9975', '0.9980', '0.9977', '0.9976', '0.9982', '0.9981', '0.9980', '0.9977', '0.9977', '0.9977', '0.9975', '0.9976', '0.9978', '0.9970', '0.9972', '0.9976', '0.9980', '0.9974', '0.9980', '0.9974', '0.9973', '0.9976', '0.9982', '0.9977', '0.9980', '0.9977', '0.9979', '0.9978', '0.9975', '0.9978', '0.9976', '0.9978', '0.9978', '0.9977', '0.9974', '0.9971', '0.9973', '0.9981', '0.9969', '0.9981', '0.9977', '0.9986', '0.9980', '0.9981', '0.9978', '0.9981', '0.9972', '0.9979', '0.9979', '0.9973', '0.9973', '0.9980', '0.9978', '0.9975', '0.9978', '0.9987', '0.9978', '0.9982', '0.9972', '0.9975', '0.9977', '0.9980', '0.9973', '0.9977', '0.9977', '0.9974', '0.9975', '0.9977', '0.9971', '0.9984', '0.9981', '0.9980', '0.9981', '0.9978', '0.9978', '0.9980', '0.9976', '0.9979', '0.9976', '0.9976', '0.9972', '0.9976', '0.9976', '0.9973', '0.9977', '0.9977', '0.9978', '0.9974', '0.9979', '0.9972', '0.9976', '0.9969', '0.9974', '0.9979', '0.9971', '0.9980', '0.9981', '0.9977', '0.9981', '0.9977', '0.9970', '0.9974', '0.9975', '0.9979', '0.9973']
2026-03-24 21:08:22 | INFO     |  [FINAL]   Verdict: STABLE (mean ARI ≥ 0.80)
2026-03-24 21:08:22 | INFO     |  ✓ stability audit done in 0.9s
2026-03-24 21:08:24 | INFO     |  Saved step5_stability_heatmap.png
2026-03-24 21:08:24 | INFO     | ============================================================
2026-03-24 21:08:24 | INFO     |  STEP 6 — Final Silhouette (winning run)
2026-03-24 21:08:24 | INFO     | ============================================================
2026-03-24 21:08:24 | INFO     |  Silhouette (seed=888): 0.5710
2026-03-24 21:08:24 | INFO     | ============================================================
2026-03-24 21:08:24 | INFO     |  FINAL RESULTS
2026-03-24 21:08:24 | INFO     | ============================================================
2026-03-24 21:08:24 | INFO     |  DBCV              : 0.6684
2026-03-24 21:08:24 | INFO     |  Silhouette        : 0.5710
2026-03-24 21:08:24 | INFO     |  Stability ARI     : mean=0.9974 min=0.9949 std=0.0007
2026-03-24 21:08:24 | INFO     |  Stability verdict : STABLE (mean ARI ≥ 0.80)
2026-03-24 21:08:24 | INFO     |  Clusters          : 18
2026-03-24 21:08:24 | INFO     |  Noise users       : 1,270 (3.1%)
2026-03-24 21:08:24 | INFO     |  Features (15)      : ['log_answer_count', 'log_total_ans_score', 'answer_acceptance_rate', 'log_question_count', 'mean_question_score', 'log_question_views', 'mean_answers_per_q', 'answer_question_ratio', 'log_comment_count', 'mean_comment_score', 'log_profile_views', 'log_total_votes_cast', 'activity_span_days', 'weekly_activity_regularity', 'top_tag_concentration']
2026-03-24 21:08:24 | INFO     |  GPU used          : True
2026-03-24 21:08:24 | INFO     |  Winning seed      : 888 (of 20 tried)
2026-03-24 21:08:24 | INFO     |  DBCV range        : 0.3546 – 0.6684
2026-03-24 21:08:24 | INFO     |  DBCV std          : 0.0750
2026-03-24 21:08:24 | INFO     |  Sil  range        : 0.5630 – 0.5824
2026-03-24 21:08:24 | INFO     |  Sil  std          : 0.0044
2026-03-24 21:08:24 | INFO     |  Saved step4_dbcv_history.png
2026-03-24 21:08:25 | INFO     |  Saved step5a_seed_scores.png
2026-03-24 21:08:25 | INFO     |  Saved cluster_profiles.csv
2026-03-24 21:08:25 | INFO     |  Cluster 0 medians:
2026-03-24 21:08:25 | INFO     |    log_answer_count                         +0.6931
2026-03-24 21:08:25 | INFO     |    log_total_ans_score                      +0.6931
2026-03-24 21:08:25 | INFO     |    answer_acceptance_rate                   +0.0000
2026-03-24 21:08:25 | INFO     |    log_question_count                       +0.0000
2026-03-24 21:08:25 | INFO     |    mean_question_score                      +0.0000
2026-03-24 21:08:25 | INFO     |    log_question_views                       +0.0000
2026-03-24 21:08:25 | INFO     |    mean_answers_per_q                       +0.0000
2026-03-24 21:08:25 | INFO     |    answer_question_ratio                    +0.5000
2026-03-24 21:08:25 | INFO     |    log_comment_count                        +0.0000
2026-03-24 21:08:25 | INFO     |    mean_comment_score                       +0.0000
2026-03-24 21:08:25 | INFO     |    log_profile_views                        +2.3026
2026-03-24 21:08:25 | INFO     |    log_total_votes_cast                     +0.0000
2026-03-24 21:08:25 | INFO     |    activity_span_days                       +0.0000
2026-03-24 21:08:25 | INFO     |    weekly_activity_regularity               +1.0000
2026-03-24 21:08:25 | INFO     |    top_tag_concentration                    +0.2500
2026-03-24 21:08:25 | INFO     |  Cluster 1 medians:
2026-03-24 21:08:25 | INFO     |    log_answer_count                         +0.6931
2026-03-24 21:08:25 | INFO     |    log_total_ans_score                      +0.0000
2026-03-24 21:08:25 | INFO     |    answer_acceptance_rate                   +0.0000
2026-03-24 21:08:25 | INFO     |    log_question_count                       +0.0000
2026-03-24 21:08:25 | INFO     |    mean_question_score                      +0.0000
2026-03-24 21:08:25 | INFO     |    log_question_views                       +0.0000
2026-03-24 21:08:25 | INFO     |    mean_answers_per_q                       +0.0000
2026-03-24 21:08:25 | INFO     |    answer_question_ratio                    +0.5000
2026-03-24 21:08:25 | INFO     |    log_comment_count                        +0.0000
2026-03-24 21:08:25 | INFO     |    mean_comment_score                       +0.0000
2026-03-24 21:08:25 | INFO     |    log_profile_views                        +2.3026
2026-03-24 21:08:25 | INFO     |    log_total_votes_cast                     +0.0000
2026-03-24 21:08:25 | INFO     |    activity_span_days                       +0.0000
2026-03-24 21:08:25 | INFO     |    weekly_activity_regularity               +1.0000
2026-03-24 21:08:25 | INFO     |    top_tag_concentration                    +0.5000
2026-03-24 21:08:25 | INFO     |  Cluster 2 medians:
2026-03-24 21:08:25 | INFO     |    log_answer_count                         +0.0000
2026-03-24 21:08:25 | INFO     |    log_total_ans_score                      +0.0000
2026-03-24 21:08:25 | INFO     |    answer_acceptance_rate                   +0.0000
2026-03-24 21:08:25 | INFO     |    log_question_count                       +0.6931
2026-03-24 21:08:25 | INFO     |    mean_question_score                      +0.6931
2026-03-24 21:08:25 | INFO     |    log_question_views                       +4.9767
2026-03-24 21:08:25 | INFO     |    mean_answers_per_q                       +0.6931
2026-03-24 21:08:25 | INFO     |    answer_question_ratio                    +0.0000
2026-03-24 21:08:25 | INFO     |    log_comment_count                        +0.6931
2026-03-24 21:08:25 | INFO     |    mean_comment_score                       +0.0000
2026-03-24 21:08:25 | INFO     |    log_profile_views                        +2.1972
2026-03-24 21:08:25 | INFO     |    log_total_votes_cast                     +0.0000
2026-03-24 21:08:25 | INFO     |    activity_span_days                       +0.0235
2026-03-24 21:08:25 | INFO     |    weekly_activity_regularity               +1.0000
2026-03-24 21:08:25 | INFO     |    top_tag_concentration                    +0.5000
2026-03-24 21:08:25 | INFO     |  Cluster 3 medians:
2026-03-24 21:08:25 | INFO     |    log_answer_count                         +1.6094
2026-03-24 21:08:25 | INFO     |    log_total_ans_score                      +1.9459
2026-03-24 21:08:25 | INFO     |    answer_acceptance_rate                   +0.2889
2026-03-24 21:08:25 | INFO     |    log_question_count                       +2.3979
2026-03-24 21:08:25 | INFO     |    mean_question_score                      +0.9555
2026-03-24 21:08:25 | INFO     |    log_question_views                       +8.0185
2026-03-24 21:08:25 | INFO     |    mean_answers_per_q                       +0.6931
2026-03-24 21:08:25 | INFO     |    answer_question_ratio                    +0.3333
2026-03-24 21:08:25 | INFO     |    log_comment_count                        +3.4657
2026-03-24 21:08:25 | INFO     |    mean_comment_score                       +0.1335
2026-03-24 21:08:25 | INFO     |    log_profile_views                        +4.5109
2026-03-24 21:08:25 | INFO     |    log_total_votes_cast                     +3.5835
2026-03-24 21:08:25 | INFO     |    activity_span_days                       +7.5488
2026-03-24 21:08:25 | INFO     |    weekly_activity_regularity               +0.0748
2026-03-24 21:08:25 | INFO     |    top_tag_concentration                    +0.1250
2026-03-24 21:08:25 | INFO     |  Cluster 4 medians:
2026-03-24 21:08:25 | INFO     |    log_answer_count                         +0.0000
2026-03-24 21:08:25 | INFO     |    log_total_ans_score                      +0.0000
2026-03-24 21:08:25 | INFO     |    answer_acceptance_rate                   +0.0000
2026-03-24 21:08:25 | INFO     |    log_question_count                       +1.6094
2026-03-24 21:08:25 | INFO     |    mean_question_score                      +0.6931
2026-03-24 21:08:25 | INFO     |    log_question_views                       +6.6161
2026-03-24 21:08:25 | INFO     |    mean_answers_per_q                       +0.6931
2026-03-24 21:08:25 | INFO     |    answer_question_ratio                    +0.0000
2026-03-24 21:08:25 | INFO     |    log_comment_count                        +1.7918
2026-03-24 21:08:25 | INFO     |    mean_comment_score                       +0.0000
2026-03-24 21:08:25 | INFO     |    log_profile_views                        +2.9957
2026-03-24 21:08:25 | INFO     |    log_total_votes_cast                     +1.0986
2026-03-24 21:08:25 | INFO     |    activity_span_days                       +6.3886
2026-03-24 21:08:25 | INFO     |    weekly_activity_regularity               +0.0622
2026-03-24 21:08:25 | INFO     |    top_tag_concentration                    +0.2000
2026-03-24 21:08:25 | INFO     |  Cluster 5 medians:
2026-03-24 21:08:25 | INFO     |    log_answer_count                         +0.0000
2026-03-24 21:08:25 | INFO     |    log_total_ans_score                      +0.0000
2026-03-24 21:08:25 | INFO     |    answer_acceptance_rate                   +0.0000
2026-03-24 21:08:25 | INFO     |    log_question_count                       +0.6931
2026-03-24 21:08:25 | INFO     |    mean_question_score                      +0.6931
2026-03-24 21:08:25 | INFO     |    log_question_views                       +4.8122
2026-03-24 21:08:25 | INFO     |    mean_answers_per_q                       +0.6931
2026-03-24 21:08:25 | INFO     |    answer_question_ratio                    +0.0000
2026-03-24 21:08:25 | INFO     |    log_comment_count                        +0.6931
2026-03-24 21:08:25 | INFO     |    mean_comment_score                       +0.0000
2026-03-24 21:08:25 | INFO     |    log_profile_views                        +2.0794
2026-03-24 21:08:25 | INFO     |    log_total_votes_cast                     +0.0000
2026-03-24 21:08:25 | INFO     |    activity_span_days                       +0.0221
2026-03-24 21:08:25 | INFO     |    weekly_activity_regularity               +1.0000
2026-03-24 21:08:25 | INFO     |    top_tag_concentration                    +1.0000
2026-03-24 21:08:25 | INFO     |  Cluster 6 medians:
2026-03-24 21:08:25 | INFO     |    log_answer_count                         +0.0000
2026-03-24 21:08:25 | INFO     |    log_total_ans_score                      +0.0000
2026-03-24 21:08:25 | INFO     |    answer_acceptance_rate                   +0.0000
2026-03-24 21:08:25 | INFO     |    log_question_count                       +0.6931
2026-03-24 21:08:25 | INFO     |    mean_question_score                      +0.0000
2026-03-24 21:08:25 | INFO     |    log_question_views                       +4.5798
2026-03-24 21:08:25 | INFO     |    mean_answers_per_q                       +0.6931
2026-03-24 21:08:25 | INFO     |    answer_question_ratio                    +0.0000
2026-03-24 21:08:25 | INFO     |    log_comment_count                        +0.6931
2026-03-24 21:08:25 | INFO     |    mean_comment_score                       +0.0000
2026-03-24 21:08:25 | INFO     |    log_profile_views                        +1.9459
2026-03-24 21:08:25 | INFO     |    log_total_votes_cast                     +0.0000
2026-03-24 21:08:25 | INFO     |    activity_span_days                       +0.0135
2026-03-24 21:08:25 | INFO     |    weekly_activity_regularity               +1.0000
2026-03-24 21:08:25 | INFO     |    top_tag_concentration                    +0.5000
2026-03-24 21:08:25 | INFO     |  Cluster 7 medians:
2026-03-24 21:08:25 | INFO     |    log_answer_count                         +0.0000
2026-03-24 21:08:25 | INFO     |    log_total_ans_score                      +0.0000
2026-03-24 21:08:25 | INFO     |    answer_acceptance_rate                   +0.0000
2026-03-24 21:08:25 | INFO     |    log_question_count                       +0.6931
2026-03-24 21:08:25 | INFO     |    mean_question_score                      +0.0000
2026-03-24 21:08:25 | INFO     |    log_question_views                       +3.9890
2026-03-24 21:08:25 | INFO     |    mean_answers_per_q                       +0.0000
2026-03-24 21:08:25 | INFO     |    answer_question_ratio                    +0.0000
2026-03-24 21:08:25 | INFO     |    log_comment_count                        +0.6931
2026-03-24 21:08:25 | INFO     |    mean_comment_score                       +0.0000
2026-03-24 21:08:25 | INFO     |    log_profile_views                        +1.3863
2026-03-24 21:08:25 | INFO     |    log_total_votes_cast                     +0.0000
2026-03-24 21:08:25 | INFO     |    activity_span_days                       +0.0125
2026-03-24 21:08:25 | INFO     |    weekly_activity_regularity               +1.0000
2026-03-24 21:08:25 | INFO     |    top_tag_concentration                    +1.0000
2026-03-24 21:08:25 | INFO     |  Cluster 8 medians:
2026-03-24 21:08:25 | INFO     |    log_answer_count                         +0.0000
2026-03-24 21:08:25 | INFO     |    log_total_ans_score                      +0.0000
2026-03-24 21:08:25 | INFO     |    answer_acceptance_rate                   +0.0000
2026-03-24 21:08:25 | INFO     |    log_question_count                       +0.6931
2026-03-24 21:08:25 | INFO     |    mean_question_score                      +0.0000
2026-03-24 21:08:25 | INFO     |    log_question_views                       +4.2341
2026-03-24 21:08:25 | INFO     |    mean_answers_per_q                       +0.0000
2026-03-24 21:08:25 | INFO     |    answer_question_ratio                    +0.0000
2026-03-24 21:08:25 | INFO     |    log_comment_count                        +0.6931
2026-03-24 21:08:25 | INFO     |    mean_comment_score                       +0.0000
2026-03-24 21:08:25 | INFO     |    log_profile_views                        +1.6094
2026-03-24 21:08:25 | INFO     |    log_total_votes_cast                     +0.0000
2026-03-24 21:08:25 | INFO     |    activity_span_days                       +0.0309
2026-03-24 21:08:25 | INFO     |    weekly_activity_regularity               +1.0000
2026-03-24 21:08:25 | INFO     |    top_tag_concentration                    +0.3333
2026-03-24 21:08:25 | INFO     |  Cluster 9 medians:
2026-03-24 21:08:25 | INFO     |    log_answer_count                         +0.0000
2026-03-24 21:08:25 | INFO     |    log_total_ans_score                      +0.0000
2026-03-24 21:08:25 | INFO     |    answer_acceptance_rate                   +0.0000
2026-03-24 21:08:25 | INFO     |    log_question_count                       +0.6931
2026-03-24 21:08:25 | INFO     |    mean_question_score                      +0.6931
2026-03-24 21:08:25 | INFO     |    log_question_views                       +4.7791
2026-03-24 21:08:25 | INFO     |    mean_answers_per_q                       +0.0000
2026-03-24 21:08:25 | INFO     |    answer_question_ratio                    +0.0000
2026-03-24 21:08:25 | INFO     |    log_comment_count                        +0.6931
2026-03-24 21:08:25 | INFO     |    mean_comment_score                       +0.0000
2026-03-24 21:08:25 | INFO     |    log_profile_views                        +1.9459
2026-03-24 21:08:25 | INFO     |    log_total_votes_cast                     +0.0000
2026-03-24 21:08:25 | INFO     |    activity_span_days                       +0.0980
2026-03-24 21:08:25 | INFO     |    weekly_activity_regularity               +1.0000
2026-03-24 21:08:25 | INFO     |    top_tag_concentration                    +0.2500
2026-03-24 21:08:25 | INFO     |  Cluster 10 medians:
2026-03-24 21:08:25 | INFO     |    log_answer_count                         +0.0000
2026-03-24 21:08:25 | INFO     |    log_total_ans_score                      +0.0000
2026-03-24 21:08:25 | INFO     |    answer_acceptance_rate                   +0.0000
2026-03-24 21:08:25 | INFO     |    log_question_count                       +0.6931
2026-03-24 21:08:25 | INFO     |    mean_question_score                      +0.0000
2026-03-24 21:08:25 | INFO     |    log_question_views                       +4.8203
2026-03-24 21:08:25 | INFO     |    mean_answers_per_q                       +0.6931
2026-03-24 21:08:25 | INFO     |    answer_question_ratio                    +0.0000
2026-03-24 21:08:25 | INFO     |    log_comment_count                        +0.6931
2026-03-24 21:08:25 | INFO     |    mean_comment_score                       +0.0000
2026-03-24 21:08:25 | INFO     |    log_profile_views                        +1.7918
2026-03-24 21:08:25 | INFO     |    log_total_votes_cast                     +0.0000
2026-03-24 21:08:25 | INFO     |    activity_span_days                       +0.0243
2026-03-24 21:08:25 | INFO     |    weekly_activity_regularity               +1.0000
2026-03-24 21:08:25 | INFO     |    top_tag_concentration                    +0.3333
2026-03-24 21:08:25 | INFO     |  Cluster 11 medians:
2026-03-24 21:08:25 | INFO     |    log_answer_count                         +0.0000
2026-03-24 21:08:25 | INFO     |    log_total_ans_score                      +0.0000
2026-03-24 21:08:25 | INFO     |    answer_acceptance_rate                   +0.0000
2026-03-24 21:08:25 | INFO     |    log_question_count                       +0.6931
2026-03-24 21:08:25 | INFO     |    mean_question_score                      +0.6931
2026-03-24 21:08:25 | INFO     |    log_question_views                       +5.1240
2026-03-24 21:08:25 | INFO     |    mean_answers_per_q                       +0.6931
2026-03-24 21:08:25 | INFO     |    answer_question_ratio                    +0.0000
2026-03-24 21:08:25 | INFO     |    log_comment_count                        +0.6931
2026-03-24 21:08:25 | INFO     |    mean_comment_score                       +0.0000
2026-03-24 21:08:25 | INFO     |    log_profile_views                        +1.9459
2026-03-24 21:08:25 | INFO     |    log_total_votes_cast                     +0.0000
2026-03-24 21:08:25 | INFO     |    activity_span_days                       +0.0260
2026-03-24 21:08:25 | INFO     |    weekly_activity_regularity               +1.0000
2026-03-24 21:08:25 | INFO     |    top_tag_concentration                    +0.3333
2026-03-24 21:08:25 | INFO     |  Cluster 12 medians:
2026-03-24 21:08:25 | INFO     |    log_answer_count                         +0.0000
2026-03-24 21:08:25 | INFO     |    log_total_ans_score                      +0.0000
2026-03-24 21:08:25 | INFO     |    answer_acceptance_rate                   +0.0000
2026-03-24 21:08:25 | INFO     |    log_question_count                       +0.6931
2026-03-24 21:08:25 | INFO     |    mean_question_score                      +0.0000
2026-03-24 21:08:25 | INFO     |    log_question_views                       +4.0254
2026-03-24 21:08:25 | INFO     |    mean_answers_per_q                       +0.0000
2026-03-24 21:08:25 | INFO     |    answer_question_ratio                    +0.0000
2026-03-24 21:08:25 | INFO     |    log_comment_count                        +0.6931
2026-03-24 21:08:25 | INFO     |    mean_comment_score                       +0.0000
2026-03-24 21:08:25 | INFO     |    log_profile_views                        +1.7918
2026-03-24 21:08:25 | INFO     |    log_total_votes_cast                     +0.0000
2026-03-24 21:08:25 | INFO     |    activity_span_days                       +0.0406
2026-03-24 21:08:25 | INFO     |    weekly_activity_regularity               +1.0000
2026-03-24 21:08:25 | INFO     |    top_tag_concentration                    +0.5000
2026-03-24 21:08:25 | INFO     |  Cluster 13 medians:
2026-03-24 21:08:25 | INFO     |    log_answer_count                         +0.0000
2026-03-24 21:08:25 | INFO     |    log_total_ans_score                      +0.0000
2026-03-24 21:08:25 | INFO     |    answer_acceptance_rate                   +0.0000
2026-03-24 21:08:25 | INFO     |    log_question_count                       +0.6931
2026-03-24 21:08:25 | INFO     |    mean_question_score                      +0.0000
2026-03-24 21:08:25 | INFO     |    log_question_views                       +4.3820
2026-03-24 21:08:25 | INFO     |    mean_answers_per_q                       +0.6931
2026-03-24 21:08:25 | INFO     |    answer_question_ratio                    +0.0000
2026-03-24 21:08:25 | INFO     |    log_comment_count                        +0.6931
2026-03-24 21:08:25 | INFO     |    mean_comment_score                       +0.0000
2026-03-24 21:08:25 | INFO     |    log_profile_views                        +1.9459
2026-03-24 21:08:25 | INFO     |    log_total_votes_cast                     +0.0000
2026-03-24 21:08:25 | INFO     |    activity_span_days                       +0.0082
2026-03-24 21:08:25 | INFO     |    weekly_activity_regularity               +1.0000
2026-03-24 21:08:25 | INFO     |    top_tag_concentration                    +1.0000
2026-03-24 21:08:25 | INFO     |  Cluster 14 medians:
2026-03-24 21:08:25 | INFO     |    log_answer_count                         +0.0000
2026-03-24 21:08:25 | INFO     |    log_total_ans_score                      +0.0000
2026-03-24 21:08:25 | INFO     |    answer_acceptance_rate                   +0.0000
2026-03-24 21:08:25 | INFO     |    log_question_count                       +0.6931
2026-03-24 21:08:25 | INFO     |    mean_question_score                      +0.6931
2026-03-24 21:08:25 | INFO     |    log_question_views                       +5.4161
2026-03-24 21:08:25 | INFO     |    mean_answers_per_q                       +1.0986
2026-03-24 21:08:25 | INFO     |    answer_question_ratio                    +0.0000
2026-03-24 21:08:25 | INFO     |    log_comment_count                        +0.6931
2026-03-24 21:08:25 | INFO     |    mean_comment_score                       +0.0000
2026-03-24 21:08:25 | INFO     |    log_profile_views                        +2.1972
2026-03-24 21:08:25 | INFO     |    log_total_votes_cast                     +0.0000
2026-03-24 21:08:25 | INFO     |    activity_span_days                       +0.0393
2026-03-24 21:08:25 | INFO     |    weekly_activity_regularity               +1.0000
2026-03-24 21:08:25 | INFO     |    top_tag_concentration                    +0.3333
2026-03-24 21:08:25 | INFO     |  Cluster 15 medians:
2026-03-24 21:08:25 | INFO     |    log_answer_count                         +1.3863
2026-03-24 21:08:25 | INFO     |    log_total_ans_score                      +1.3863
2026-03-24 21:08:25 | INFO     |    answer_acceptance_rate                   +0.0000
2026-03-24 21:08:25 | INFO     |    log_question_count                       +0.0000
2026-03-24 21:08:25 | INFO     |    mean_question_score                      +0.0000
2026-03-24 21:08:25 | INFO     |    log_question_views                       +0.0000
2026-03-24 21:08:25 | INFO     |    mean_answers_per_q                       +0.0000
2026-03-24 21:08:25 | INFO     |    answer_question_ratio                    +0.7500
2026-03-24 21:08:25 | INFO     |    log_comment_count                        +0.6931
2026-03-24 21:08:25 | INFO     |    mean_comment_score                       +0.0000
2026-03-24 21:08:25 | INFO     |    log_profile_views                        +3.0910
2026-03-24 21:08:25 | INFO     |    log_total_votes_cast                     +0.6931
2026-03-24 21:08:25 | INFO     |    activity_span_days                       +6.3115
2026-03-24 21:08:25 | INFO     |    weekly_activity_regularity               +0.0390
2026-03-24 21:08:25 | INFO     |    top_tag_concentration                    +0.2500
2026-03-24 21:08:25 | INFO     |  Cluster 16 medians:
2026-03-24 21:08:25 | INFO     |    log_answer_count                         +2.6391
2026-03-24 21:08:25 | INFO     |    log_total_ans_score                      +3.2581
2026-03-24 21:08:25 | INFO     |    answer_acceptance_rate                   +0.3627
2026-03-24 21:08:25 | INFO     |    log_question_count                       +0.0000
2026-03-24 21:08:25 | INFO     |    mean_question_score                      +0.0000
2026-03-24 21:08:25 | INFO     |    log_question_views                       +0.0000
2026-03-24 21:08:25 | INFO     |    mean_answers_per_q                       +0.0000
2026-03-24 21:08:25 | INFO     |    answer_question_ratio                    +0.9286
2026-03-24 21:08:25 | INFO     |    log_comment_count                        +3.2189
2026-03-24 21:08:25 | INFO     |    mean_comment_score                       +0.4055
2026-03-24 21:08:25 | INFO     |    log_profile_views                        +4.5539
2026-03-24 21:08:25 | INFO     |    log_total_votes_cast                     +3.4340
2026-03-24 21:08:25 | INFO     |    activity_span_days                       +7.5770
2026-03-24 21:08:25 | INFO     |    weekly_activity_regularity               +0.0771
2026-03-24 21:08:25 | INFO     |    top_tag_concentration                    +0.1429
2026-03-24 21:08:25 | INFO     |  Cluster 17 medians:
2026-03-24 21:08:25 | INFO     |    log_answer_count                         +0.0000
2026-03-24 21:08:25 | INFO     |    log_total_ans_score                      +0.0000
2026-03-24 21:08:25 | INFO     |    answer_acceptance_rate                   +0.0000
2026-03-24 21:08:25 | INFO     |    log_question_count                       +0.6931
2026-03-24 21:08:25 | INFO     |    mean_question_score                      +0.6931
2026-03-24 21:08:25 | INFO     |    log_question_views                       +4.3175
2026-03-24 21:08:25 | INFO     |    mean_answers_per_q                       +0.0000
2026-03-24 21:08:25 | INFO     |    answer_question_ratio                    +0.0000
2026-03-24 21:08:25 | INFO     |    log_comment_count                        +0.0000
2026-03-24 21:08:25 | INFO     |    mean_comment_score                       +0.0000
2026-03-24 21:08:25 | INFO     |    log_profile_views                        +2.1972
2026-03-24 21:08:25 | INFO     |    log_total_votes_cast                     +0.0000
2026-03-24 21:08:25 | INFO     |    activity_span_days                       +0.0000
2026-03-24 21:08:25 | INFO     |    weekly_activity_regularity               +1.0000
2026-03-24 21:08:25 | INFO     |    top_tag_concentration                    +0.5000
2026-03-24 21:08:25 | INFO     |  Saved cluster_profiles_heatmap.png
2026-03-24 21:08:26 | INFO     |  Saved final_clusters.png
2026-03-24 21:08:26 | INFO     | ============================================================
2026-03-24 21:08:26 | INFO     |  EXPORT
2026-03-24 21:08:26 | INFO     | ============================================================
2026-03-24 21:08:26 | INFO     |  Saved user_cluster_labels.csv
2026-03-24 21:08:26 | INFO     |  Saved umap_embedding_final.parquet
2026-03-24 21:08:26 | INFO     |  Saved pipeline_metadata.json
2026-03-24 21:08:26 | INFO     | ============================================================
2026-03-24 21:08:26 | INFO     |  DONE — 3998.3s | GPU=True
2026-03-24 21:08:26 | INFO     | ============================================================
